******************************************************************************
                  TI ARM Linker PC v16.9.6                     
******************************************************************************
>> Linked Fri Aug 23 16:53:04 2019

OUTPUT FILE NAME:   <freertos_demo.out>
ENTRY POINT SYMBOL: "_c_int00"  address: 0000291d


MEMORY CONFIGURATION

         name            origin    length      used     unused   attr    fill
----------------------  --------  ---------  --------  --------  ----  --------
  FLASH                 00000000   00040000  00003fce  0003c032  R  X
  SRAM                  20000000   00008000  00007f89  00000077  RW X


SEGMENT ALLOCATION MAP

run origin  load origin   length   init length attrs members
----------  ----------- ---------- ----------- ----- -------
00000000    00000000    00003fd0   00003fd0    r-x
  00000000    00000000    0000026c   0000026c    r-- .intvecs
  0000026c    0000026c    0000370e   0000370e    r-x .text
  0000397c    0000397c    000005ec   000005ec    r-- .const
  00003f68    00003f68    00000068   00000068    r-- .cinit
20000000    20000000    00007f8c   00000000    rw-
  20000000    20000000    0000026c   00000000    rw- .vtable
  2000026c    2000026c    00007a81   00000000    rw- .bss
  20007cf0    20007cf0    00000200   00000000    rw- .stack
  20007ef0    20007ef0    0000009c   00000000    rw- .data


SECTION ALLOCATION MAP

 output                                  attributes/
section   page    origin      length       input sections
--------  ----  ----------  ----------   ----------------
.intvecs   0    00000000    0000026c     
                  00000000    0000026c     startup_ccs.obj (.intvecs)

.text      0    0000026c    0000370e     
                  0000026c    00000251     ustdlib.obj (.text:uvsnprintf)
                  000004bd    00000001     --HOLE-- [fill = 0]
                  000004be    000001b6     rtsv7M4_T_le_v4SPD16_eabi.lib : fd_add_t2.obj (.text)
                  00000674    00000190     display.obj (.text:displayStatus)
                  00000804    00000136     rtsv7M4_T_le_v4SPD16_eabi.lib : fd_div_t2.obj (.text)
                  0000093a    00000132     driverlib.lib : gpio.obj (.text:GPIOPadConfigSet)
                  00000a6c    00000118     queue.obj (.text:xQueueGenericReceive)
                  00000b84    00000110     driverlib.lib : sysctl.obj (.text:SysCtlClockGet)
                  00000c94    0000010c     Yaw_Task.obj (.text:YawInit)
                  00000da0    00000108     buttons4.obj (.text:initButtons)
                  00000ea8    00000104     tasks.obj (.text:xTaskIncrementTick)
                  00000fac    00000100     tasks.obj (.text:xTaskGenericCreate)
                  000010ac    000000fc     rtsv7M4_T_le_v4SPD16_eabi.lib : fd_mul_t2.obj (.text)
                  000011a8    000000fc     queue.obj (.text:xQueueGenericSend)
                  000012a4    000000f0     OrbitOled.obj (.text:OrbitOledHostInit)
                  00001394    000000f0     State_Task.obj (.text:StateTask)
                  00001484    000000e4     tasks.obj (.text:xTaskResumeAll)
                  00001568    000000d2     portasm.obj (.text)
                  0000163a    00000002     startup_ccs.obj (.text:FaultISR)
                  0000163c    000000c0     pwmGen.obj (.text:PWMinit)
                  000016fc    000000bc     buttons4.obj (.text:updateButtons)
                  000017b8    000000ac     display.obj (.text:displayInfo)
                  00001864    000000ac     heap_2.obj (.text:pvPortMalloc)
                  00001910    000000a8     ADC_Task.obj (.text:ADCTaskInit)
                  000019b8    0000009c     rtsv7M4_T_le_v4SPD16_eabi.lib : memcpy_t2.obj (.text)
                  00001a54    00000098     Control_Task.obj (.text:setMainDC)
                  00001aec    00000090     OrbitOled.obj (.text:OrbitOledDevInit)
                  00001b7c    00000090     Control_Task.obj (.text:setTailDC)
                  00001c0c    00000090     tasks.obj (.text:vTaskPriorityInherit)
                  00001c9c    0000008c     tasks.obj (.text:vTaskSwitchContext)
                  00001d28    00000084     OrbitOled.obj (.text:OrbitOledDvrInit)
                  00001dac    00000084     Control_Task.obj (.text:ReceiveTaskInit)
                  00001e30    00000084     tasks.obj (.text:vTaskDelayUntil)
                  00001eb4    00000084     queue.obj (.text:xQueueGenericReset)
                  00001f38    0000007a     driverlib.lib : adc.obj (.text:ADCSequenceStepConfigure)
                  00001fb2    0000007a     rtsv7M4_T_le_v4SPD16_eabi.lib : memset_t2.obj (.text)
                  0000202c    00000078     tasks.obj (.text:xTaskPriorityDisinherit)
                  000020a4    00000076     queue.obj (.text:prvUnlockQueue)
                  0000211a    00000002     startup_ccs.obj (.text:IntDefaultHandler)
                  0000211c    00000074     tasks.obj (.text:xTaskRemoveFromEventList)
                  00002190    00000072     queue.obj (.text:prvCopyDataToQueue)
                  00002202    00000002     startup_ccs.obj (.text:NmiSR)
                  00002204    00000070     ADC_Task.obj (.text:ADCTask)
                  00002274    00000070     rtsv7M4_T_le_v4SPD16_eabi.lib : autoinit.obj (.text)
                  000022e4    00000068     driverlib.lib : interrupt.obj (.text:IntEnable)
                  0000234c    00000068     rtsv7M4_T_le_v4SPD16_eabi.lib : copy_decompress_lzss.obj (.text:decompress:lzss)
                  000023b4    00000064     freertos_demo.obj (.text:ConfigureUART)
                  00002418    00000064     tasks.obj (.text:vTaskPlaceOnEventList)
                  0000247c    00000060     Control_Task.obj (.text:DisplayTask)
                  000024dc    00000060     driverlib.lib : timer.obj (.text:TimerConfigure)
                  0000253c    00000060     uartstdio.obj (.text:UARTStdioConfig)
                  0000259c    00000060     tasks.obj (.text:prvInitialiseTaskLists)
                  000025fc    00000060     tasks.obj (.text:vTaskStartScheduler)
                  0000265c    0000005c     Control_Task.obj (.text:MotorControlTask)
                  000026b8    0000005c     tasks.obj (.text:vTaskDelay)
                  00002714    00000058     driverlib.lib : adc.obj (.text:ADCSequenceConfigure)
                  0000276c    00000058                   : gpio.obj (.text:GPIOIntTypeSet)
                  000027c4    00000058     OrbitOled.obj (.text:OrbitOledPutBuffer)
                  0000281c    00000058     tasks.obj (.text:prvCheckTasksWaitingTermination)
                  00002874    00000054     OrbitOledChar.obj (.text:OrbitOledDrawGlyph)
                  000028c8    00000054     tasks.obj (.text:prvInitialiseTCBVariables)
                  0000291c    00000054     rtsv7M4_T_le_v4SPD16_eabi.lib : boot.obj (.text)
                  00002970    00000054                                   : exit.obj (.text)
                  000029c4    00000054     tasks.obj (.text:xTaskCheckForTimeOut)
                  00002a18    00000050     OrbitOled.obj (.text:OrbitOledUpdate)
                  00002a68    00000050     OrbitOled.obj (.text:Ssi3PutByte)
                  00002ab8    0000004e     queue.obj (.text:xQueueCreateMutex)
                  00002b06    00000002     rtsv7M4_T_le_v4SPD16_eabi.lib : i_div0.obj (.text)
                  00002b08    0000004c     driverlib.lib : gpio.obj (.text:GPIOPinConfigure)
                  00002b54    0000004c     OrbitOledChar.obj (.text:OrbitOledSetCursor)
                  00002ba0    0000004c     Control_Task.obj (.text:ReceiveTask)
                  00002bec    0000004c     tasks.obj (.text:prvAddCurrentTaskToDelayedList)
                  00002c38    0000004c     rtsv7M4_T_le_v4SPD16_eabi.lib : cpy_tbl.obj (.text)
                  00002c84    0000004c     Yaw_Task.obj (.text:yawIntHandler)
                  00002cd0    00000048     OrbitOledGrph.obj (.text:OrbitOledMoveTo)
                  00002d18    00000048     rtsv7M4_T_le_v4SPD16_eabi.lib : fd_toi_t2.obj (.text)
                  00002d60    00000044     OrbitOledGrph.obj (.text:OrbitOledSetDrawMode)
                  00002da4    00000044     heap_2.obj (.text:vPortFree)
                  00002de8    00000042     queue.obj (.text:prvNotifyQueueSetContainer)
                  00002e2a    00000002     rtsv7M4_T_le_v4SPD16_eabi.lib : mpu_init.obj (.text)
                  00002e2c    00000040     OrbitOledChar.obj (.text:OrbitOledAdvanceCursor)
                  00002e6c    00000040     driverlib.lib : gpio.obj (.text:_GPIOIntNumberGet)
                  00002eac    00000040     freertos_demo.obj (.text:main)
                  00002eec    00000040     rtsv7M4_T_le_v4SPD16_eabi.lib : u_divt2.obj (.text)
                  00002f2c    00000040     port.obj (.text:xPortStartScheduler)
                  00002f6c    00000040     queue.obj (.text:xQueueGenericCreate)
                  00002fac    0000003c     driverlib.lib : ssi.obj (.text:SSIConfigSetExpClk)
                  00002fe8    0000003c     pwmGen.obj (.text:setMainPWM)
                  00003024    0000003c     Yaw_Task.obj (.text:vYawSenderTask)
                  00003060    0000003a     tasks.obj (.text:prvAllocateTCBAndStack)
                  0000309a    00000002     rtsv7M4_T_le_v4SPD16_eabi.lib : startup.obj (.text)
                  0000309c    00000038     pwmGen.obj (.text:setTailPWM)
                  000030d4    00000038     list.obj (.text:vListInsert)
                  0000310c    00000034     driverlib.lib : interrupt.obj (.text:IntRegister)
                  00003140    00000034     State_Task.obj (.text:StateInit)
                  00003174    00000034     driverlib.lib : sysctl.obj (.text:SysCtlPeripheralEnable)
                  000031a8    00000034     ADC_Task.obj (.text:vAltSenderTask)
                  000031dc    00000030     buttons4.obj (.text:checkButton)
                  0000320c    00000030     heap_2.obj (.text:prvHeapInit)
                  0000323c    0000002e     rtsv7M4_T_le_v4SPD16_eabi.lib : i_tofd_t2.obj (.text)
                  0000326a    00000002     freertos_demo.obj (.text:vApplicationStackOverflowHook)
                  0000326c    0000002c     delay.obj (.text:DelayMs)
                  00003298    0000002c     driverlib.lib : gpio.obj (.text:GPIODirModeSet)
                  000032c4    0000002c     Control_Task.obj (.text:calcDeltaT)
                  000032f0    0000002c     port.obj (.text:xPortSysTickHandler)
                  0000331c    0000002a     State_Task.obj (.text:altButtons)
                  00003346    0000002a     ustdlib.obj (.text:ustrncpy)
                  00003370    00000028     OrbitOledChar.obj (.text:OrbitOledPutString)
                  00003398    00000028     tasks.obj (.text:prvResetNextTaskUnblockTime)
                  000033c0    00000028     port.obj (.text:pxPortInitialiseStack)
                  000033e8    00000028     Yaw_Task.obj (.text:yawRefHandler)
                  00003410    00000026     queue.obj (.text:prvCopyDataFromQueue)
                  00003436    00000002     --HOLE-- [fill = 0]
                  00003438    00000024     delay.obj (.text:DelayInit)
                  0000345c    00000022     driverlib.lib : pwm.obj (.text:PWMGenConfigure)
                  0000347e    00000002     --HOLE-- [fill = 0]
                  00003480    00000020     State_Task.obj (.text:setYawRef)
                  000034a0    00000020     list.obj (.text:uxListRemove)
                  000034c0    00000020     State_Task.obj (.text:yawButtons)
                  000034e0    0000001e     driverlib.lib : adc.obj (.text:ADCSequenceDataGet)
                  000034fe    0000001e                   : pwm.obj (.text:PWMPulseWidthSet)
                  0000351c    0000001c     OrbitOLEDInterface.obj (.text:OLEDInitialise)
                  00003538    0000001c     display.obj (.text:UARTSend)
                  00003554    0000001c     queue.obj (.text:prvIsQueueFull)
                  00003570    0000001c     port.obj (.text:vPortEnterCritical)
                  0000358c    0000001a     ADC_Task.obj (.text:calcPercent)
                  000035a6    0000001a     queue.obj (.text:prvIsQueueEmpty)
                  000035c0    0000001a     ustdlib.obj (.text:usnprintf)
                  000035da    00000018     driverlib.lib : adc.obj (.text:ADCProcessorTrigger)
                  000035f2    00000018                   : gpio.obj (.text:GPIOIntRegister)
                  0000360a    00000018                   : gpio.obj (.text:GPIOPinTypeGPIOOutput)
                  00003622    00000002     --HOLE-- [fill = 0]
                  00003624    00000018     OrbitOled.obj (.text:OrbitOledClearBuffer)
                  0000363c    00000018     freertos_demo.obj (.text:initClock)
                  00003654    00000018     tasks.obj (.text:pvTaskIncrementMutexHeldCount)
                  0000366c    00000018     rtsv7M4_T_le_v4SPD16_eabi.lib : args_main.obj (.text)
                  00003684    00000018     list.obj (.text:vListInsertEnd)
                  0000369c    00000018     port.obj (.text:vPortExitCritical)
                  000036b4    00000018     tasks.obj (.text:vTaskSetTimeOutState)
                  000036cc    00000016     driverlib.lib : gpio.obj (.text:GPIOPinTypeGPIOInput)
                  000036e2    00000016                   : gpio.obj (.text:GPIOPinTypePWM)
                  000036f8    00000016                   : gpio.obj (.text:GPIOPinTypeSSI)
                  0000370e    00000016     OrbitOLEDInterface.obj (.text:OLEDStringDraw)
                  00003724    00000016     list.obj (.text:vListInitialise)
                  0000373a    00000014     OrbitOled.obj (.text:OrbitOledInit)
                  0000374e    00000002     --HOLE-- [fill = 0]
                  00003750    00000014     rtsv7M4_T_le_v4SPD16_eabi.lib : _lock.obj (.text)
                  00003764    00000014     port.obj (.text:vPortSetupTimerInterrupt)
                  00003778    00000012     driverlib.lib : pwm.obj (.text:PWMOutputState)
                  0000378a    00000012     tasks.obj (.text:prvDeleteTCB)
                  0000379c    00000010     driverlib.lib : adc.obj (.text:ADCIntEnable)
                  000037ac    00000010                   : interrupt.obj (.text:IntMasterEnable)
                  000037bc    00000010     OrbitOledGrph.obj (.text:OrbitOledClampXco)
                  000037cc    00000010     OrbitOledGrph.obj (.text:OrbitOledClampYco)
                  000037dc    00000010     driverlib.lib : pwm.obj (.text:PWMGenPeriodSet)
                  000037ec    00000010     port.obj (.text:prvTaskExitError)
                  000037fc    00000010     tasks.obj (.text:vTaskSuspendAll)
                  0000380c    0000000e     driverlib.lib : adc.obj (.text:ADCHardwareOversampleConfigure)
                  0000381a    0000000e                   : adc.obj (.text:ADCSequenceEnable)
                  00003828    0000000e                   : gpio.obj (.text:GPIOIntDisable)
                  00003836    0000000e     OrbitOledGrph.obj (.text:OrbitOledRopSet)
                  00003844    0000000e     driverlib.lib : timer.obj (.text:TimerEnable)
                  00003852    0000000e     rtsv7M4_T_le_v4SPD16_eabi.lib : copy_decompress_none.obj (.text:decompress:none)
                  00003860    0000000c     driverlib.lib : cpu.obj (.text:CPUcpsie)
                  0000386c    0000000c                   : gpio.obj (.text:GPIOIntEnable)
                  00003878    0000000c     OrbitOled.obj (.text:OrbitOledClear)
                  00003884    0000000c     driverlib.lib : pwm.obj (.text:PWMGenEnable)
                  00003890    0000000c                   : ssi.obj (.text:SSIDataGet)
                  0000389c    0000000c     rtsv7M4_T_le_v4SPD16_eabi.lib : copy_zero_init.obj (.text:decompress:ZI)
                  000038a8    0000000c     Control_Task.obj (.text:getAlt)
                  000038b4    0000000c     ADC_Task.obj (.text:getSampCnt)
                  000038c0    0000000c     Control_Task.obj (.text:getYaw)
                  000038cc    0000000c     Control_Task.obj (.text:setAimAlt)
                  000038d8    0000000c     Control_Task.obj (.text:setAimYaw)
                  000038e4    0000000c     tasks.obj (.text:vTaskMissedYield)
                  000038f0    0000000c     tasks.obj (.text:xTaskGetTickCount)
                  000038fc    0000000a     driverlib.lib : ssi.obj (.text:SSIDataPut)
                  00003906    0000000a                   : ssi.obj (.text:SSIEnable)
                  00003910    0000000a                   : timer.obj (.text:TimerValueGet)
                  0000391a    0000000a                   : uart.obj (.text:UARTCharPut)
                  00003924    00000008     OrbitOledGrph.obj (.text:OrbitOledRopAnd)
                  0000392c    00000008     OrbitOledGrph.obj (.text:OrbitOledRopOr)
                  00003934    00000008     OrbitOledGrph.obj (.text:OrbitOledRopXor)
                  0000393c    00000008     driverlib.lib : ssi.obj (.text:SSIBusy)
                  00003944    00000008     tasks.obj (.text:prvIdleTask)
                  0000394c    00000006     driverlib.lib : gpio.obj (.text:GPIOIntClear)
                  00003952    00000006                   : gpio.obj (.text:GPIOPinRead)
                  00003958    00000006                   : gpio.obj (.text:GPIOPinWrite)
                  0000395e    00000006     startup_ccs.obj (.text:ResetISR)
                  00003964    00000006     driverlib.lib : ssi.obj (.text:SSIClockSourceSet)
                  0000396a    00000006                   : uart.obj (.text:UARTClockSourceSet)
                  00003970    00000006     list.obj (.text:vListInitialiseItem)
                  00003976    00000004     rtsv7M4_T_le_v4SPD16_eabi.lib : pre_init.obj (.text)

.const     0    0000397c    000005ec     
                  0000397c    00000300     ChrFont0.obj (.const:.string:rgbOledFont0)
                  00003c7c    000000c0     driverlib.lib : gpio.obj (.const:g_ppui32GPIOIntMapBlizzard)
                  00003d3c    000000c0                   : gpio.obj (.const:g_ppui32GPIOIntMapSnowflake)
                  00003dfc    00000090                   : gpio.obj (.const:g_pui32GPIOBaseAddrs)
                  00003e8c    0000006c                   : sysctl.obj (.const:g_pui32Xtals)
                  00003ef8    00000040     FillPat.obj (.const:.string:rgbFillPat)
                  00003f38    00000014     driverlib.lib : interrupt.obj (.const:g_pui32EnRegs)
                  00003f4c    0000000c     uartstdio.obj (.const:g_ui32UARTBase)
                  00003f58    0000000c     uartstdio.obj (.const:g_ui32UARTPeriph)
                  00003f64    00000004     port.obj (.const)

.cinit     0    00003f68    00000068     
                  00003f68    0000002f     (.cinit..data.load) [load image, compression = lzss]
                  00003f97    00000001     --HOLE-- [fill = 0]
                  00003f98    0000000c     (__TI_handler_table)
                  00003fa4    00000004     --HOLE-- [fill = 0]
                  00003fa8    00000008     (.cinit..bss.load) [load image, compression = zero_init]
                  00003fb0    00000008     (.cinit..vtable.load) [load image, compression = zero_init]
                  00003fb8    00000018     (__TI_cinit_table)

.init_array 
*          0    00000000    00000000     UNINITIALIZED

.vtable    0    20000000    0000026c     UNINITIALIZED
                  20000000    0000026c     driverlib.lib : interrupt.obj (.vtable)

.bss       0    2000026c    00007a81     UNINITIALIZED
                  2000026c    00007530     heap_2.obj (.bss:ucHeap)
                  2000779c    00000200     (.common:rgbOledBmp)
                  2000799c    00000140     tasks.obj (.bss:pxReadyTasksLists)
                  20007adc    00000100     (.common:rgbOledFontUser)
                  20007bdc    00000014     Control_Task.obj (.bss)
                  20007bf0    00000014     tasks.obj (.bss:xDelayedTaskList1)
                  20007c04    00000014     tasks.obj (.bss:xDelayedTaskList2)
                  20007c18    00000014     tasks.obj (.bss:xPendingReadyList)
                  20007c2c    00000014     tasks.obj (.bss:xSuspendedTaskList)
                  20007c40    00000014     tasks.obj (.bss:xTasksWaitingTermination)
                  20007c54    00000014     (.common:statusStr)
                  20007c68    00000008     ADC_Task.obj (.bss)
                  20007c70    00000008     buttons4.obj (.bss:but_count)
                  20007c78    00000008     buttons4.obj (.bss:but_flag)
                  20007c80    00000008     buttons4.obj (.bss:but_normal)
                  20007c88    00000008     buttons4.obj (.bss:but_state)
                  20007c90    00000008     tasks.obj (.bss)
                  20007c98    00000008     heap_2.obj (.bss:xEnd)
                  20007ca0    00000008     heap_2.obj (.bss:xStart)
                  20007ca8    00000004     (.common:bnOledCur)
                  20007cac    00000004     (.common:dxcoOledFontCur)
                  20007cb0    00000004     (.common:dycoOledFontCur)
                  20007cb4    00000004     (.common:fOledCharUpdate)
                  20007cb8    00000004     (.common:g_pUARTSemaphore)
                  20007cbc    00000004     (.common:modOledCur)
                  20007cc0    00000004     (.common:pbOledCur)
                  20007cc4    00000004     (.common:pbOledFontCur)
                  20007cc8    00000004     (.common:pbOledFontUser)
                  20007ccc    00000004     (.common:pbOledPatCur)
                  20007cd0    00000004     (.common:pfnDoRop)
                  20007cd4    00000004     (.common:xchOledCur)
                  20007cd8    00000004     (.common:xchOledMax)
                  20007cdc    00000004     (.common:xcoOledCur)
                  20007ce0    00000004     (.common:ychOledCur)
                  20007ce4    00000004     (.common:ychOledMax)
                  20007ce8    00000004     (.common:ycoOledCur)
                  20007cec    00000001     (.common:clrOledCur)

.stack     0    20007cf0    00000200     UNINITIALIZED
                  20007cf0    00000200     --HOLE--

.data      0    20007ef0    0000009c     UNINITIALIZED
                  20007ef0    00000030     tasks.obj (.data)
                  20007f20    00000018     Control_Task.obj (.data)
                  20007f38    00000010     ADC_Task.obj (.data)
                  20007f48    0000000c     rtsv7M4_T_le_v4SPD16_eabi.lib : exit.obj (.data:$O1$$)
                  20007f54    0000000c     State_Task.obj (.data)
                  20007f60    0000000c     Yaw_Task.obj (.data)
                  20007f6c    00000008     rtsv7M4_T_le_v4SPD16_eabi.lib : _lock.obj (.data:$O1$$)
                  20007f74    00000008     heap_2.obj (.data)
                  20007f7c    00000005     uartstdio.obj (.data)
                  20007f81    00000003     --HOLE--
                  20007f84    00000004     port.obj (.data)
                  20007f88    00000004     rtsv7M4_T_le_v4SPD16_eabi.lib : stkdepth_vars.obj (.data)

MODULE SUMMARY

       Module                     code    ro data   rw data
       ------                     ----    -------   -------
    .\
       Control_Task.obj           784     0         44     
       startup_ccs.obj            12      620       0      
       display.obj                600     0         20     
       buttons4.obj               500     0         32     
       Yaw_Task.obj               444     0         12     
       State_Task.obj             398     0         12     
       ADC_Task.obj               370     0         24     
       pwmGen.obj                 308     0         0      
       freertos_demo.obj          190     0         4      
    +--+--------------------------+-------+---------+---------+
       Total:                     3606    620       148    
                                                           
    .\OrbitOLED\
       OrbitOLEDInterface.obj     50      0         0      
    +--+--------------------------+-------+---------+---------+
       Total:                     50      0         0      
                                                           
    .\OrbitOLED\lib_OrbitOled\
       OrbitOled.obj              820     0         553    
       ChrFont0.obj               0       768       0      
       OrbitOledChar.obj          264     0         272    
       OrbitOledGrph.obj          210     0         8      
       delay.obj                  80      0         0      
       FillPat.obj                0       64        0      
    +--+--------------------------+-------+---------+---------+
       Total:                     1374    832       833    
                                                           
    .\third_party\FreeRTOS\Source\
       tasks.obj                  2324    0         476    
       queue.obj                  1196    0         0      
       list.obj                   140     0         0      
    +--+--------------------------+-------+---------+---------+
       Total:                     3660    0         476    
                                                           
    .\third_party\FreeRTOS\Source\portable\CCS\ARM_CM4F\
       port.obj                   236     4         4      
       portasm.obj                210     0         0      
    +--+--------------------------+-------+---------+---------+
       Total:                     446     4         4      
                                                           
    .\third_party\FreeRTOS\Source\portable\MemMang\
       heap_2.obj                 288     0         30024  
    +--+--------------------------+-------+---------+---------+
       Total:                     288     0         30024  
                                                           
    .\utils\
       ustdlib.obj                661     0         0      
       uartstdio.obj              96      24        5      
    +--+--------------------------+-------+---------+---------+
       Total:                     757     24        5      
                                                           
    C:/ti/TivaWare_C_Series-2.1.3.156/driverlib/ccs/Debug/driverlib.lib
       gpio.obj                   736     528       0      
       interrupt.obj              172     20        620    
       sysctl.obj                 324     108       0      
       adc.obj                    308     0         0      
       timer.obj                  120     0         0      
       pwm.obj                    110     0         0      
       ssi.obj                    106     0         0      
       uart.obj                   16      0         0      
       cpu.obj                    12      0         0      
    +--+--------------------------+-------+---------+---------+
       Total:                     1904    656       620    
                                                           
    C:\ti\ccsv7\tools\compiler\ti-cgt-arm_16.9.6.LTS\lib\rtsv7M4_T_le_v4SPD16_eabi.lib
       fd_add_t2.obj              438     0         0      
       fd_div_t2.obj              310     0         0      
       fd_mul_t2.obj              252     0         0      
       memcpy_t2.obj              156     0         0      
       memset_t2.obj              122     0         0      
       autoinit.obj               112     0         0      
       copy_decompress_lzss.obj   104     0         0      
       exit.obj                   84      0         12     
       boot.obj                   84      0         0      
       cpy_tbl.obj                76      0         0      
       fd_toi_t2.obj              72      0         0      
       u_divt2.obj                64      0         0      
       i_tofd_t2.obj              46      0         0      
       _lock.obj                  20      0         8      
       args_main.obj              24      0         0      
       copy_decompress_none.obj   14      0         0      
       copy_zero_init.obj         12      0         0      
       pre_init.obj               4       0         0      
       stkdepth_vars.obj          0       0         4      
       i_div0.obj                 2       0         0      
       mpu_init.obj               2       0         0      
       startup.obj                2       0         0      
    +--+--------------------------+-------+---------+---------+
       Total:                     2000    0         24     
                                                           
       Stack:                     0       0         512    
       Linker Generated:          0       99        0      
    +--+--------------------------+-------+---------+---------+
       Grand Total:               14085   2235      32646  


LINKER GENERATED COPY TABLES

__TI_cinit_table @ 00003fb8 records: 3, size/record: 8, table size: 24
	.data: load addr=00003f68, load size=0000002f bytes, run addr=20007ef0, run size=0000009c bytes, compression=lzss
	.bss: load addr=00003fa8, load size=00000008 bytes, run addr=2000026c, run size=00007a81 bytes, compression=zero_init
	.vtable: load addr=00003fb0, load size=00000008 bytes, run addr=20000000, run size=0000026c bytes, compression=zero_init


LINKER GENERATED HANDLER TABLE

__TI_handler_table @ 00003f98 records: 3, size/record: 4, table size: 12
	index: 0, handler: __TI_zero_init
	index: 1, handler: __TI_decompress_lzss
	index: 2, handler: __TI_decompress_none


GLOBAL SYMBOLS: SORTED ALPHABETICALLY BY Name 

address   name                           
-------   ----                           
0000380d  ADCHardwareOversampleConfigure 
0000379d  ADCIntEnable                   
000035db  ADCProcessorTrigger            
00002715  ADCSequenceConfigure           
000034e1  ADCSequenceDataGet             
0000381b  ADCSequenceEnable              
00001f39  ADCSequenceStepConfigure       
00002205  ADCTask                        
00001911  ADCTaskInit                    
00002971  C$$EXIT                        
00003861  CPUcpsie                       
000023b5  ConfigureUART                  
00003439  DelayInit                      
0000326d  DelayMs                        
0000247d  DisplayTask                    
00003299  GPIODirModeSet                 
0000394d  GPIOIntClear                   
00003829  GPIOIntDisable                 
0000386d  GPIOIntEnable                  
000035f3  GPIOIntRegister                
0000276d  GPIOIntTypeSet                 
0000093b  GPIOPadConfigSet               
00002b09  GPIOPinConfigure               
00003953  GPIOPinRead                    
000036cd  GPIOPinTypeGPIOInput           
0000360b  GPIOPinTypeGPIOOutput          
000036e3  GPIOPinTypePWM                 
000036f9  GPIOPinTypeSSI                 
00003959  GPIOPinWrite                   
000022e5  IntEnable                      
000037ad  IntMasterEnable                
0000310d  IntRegister                    
0000265d  MotorControlTask               
0000351d  OLEDInitialise                 
0000370f  OLEDStringDraw                 
00002e2d  OrbitOledAdvanceCursor         
000037bd  OrbitOledClampXco              
000037cd  OrbitOledClampYco              
00003879  OrbitOledClear                 
00003625  OrbitOledClearBuffer           
00001aed  OrbitOledDevInit               
00002875  OrbitOledDrawGlyph             
00001d29  OrbitOledDvrInit               
000012a5  OrbitOledHostInit              
0000373b  OrbitOledInit                  
00002cd1  OrbitOledMoveTo                
000027c5  OrbitOledPutBuffer             
00003371  OrbitOledPutString             
00003925  OrbitOledRopAnd                
0000392d  OrbitOledRopOr                 
00003837  OrbitOledRopSet                
00003935  OrbitOledRopXor                
00002b55  OrbitOledSetCursor             
00002d61  OrbitOledSetDrawMode           
00002a19  OrbitOledUpdate                
0000345d  PWMGenConfigure                
00003885  PWMGenEnable                   
000037dd  PWMGenPeriodSet                
00003779  PWMOutputState                 
000034ff  PWMPulseWidthSet               
0000163d  PWMinit                        
00002ba1  ReceiveTask                    
00001dad  ReceiveTaskInit                
0000395f  ResetISR                       
UNDEFED   SHT$$INIT_ARRAY$$Base          
UNDEFED   SHT$$INIT_ARRAY$$Limit         
0000393d  SSIBusy                        
00003965  SSIClockSourceSet              
00002fad  SSIConfigSetExpClk             
00003891  SSIDataGet                     
000038fd  SSIDataPut                     
00003907  SSIEnable                      
00002a69  Ssi3PutByte                    
00003141  StateInit                      
00001395  StateTask                      
00000b85  SysCtlClockGet                 
00003175  SysCtlPeripheralEnable         
000024dd  TimerConfigure                 
00003845  TimerEnable                    
00003911  TimerValueGet                  
0000391b  UARTCharPut                    
0000396b  UARTClockSourceSet             
00003539  UARTSend                       
0000253d  UARTStdioConfig                
00000c95  YawInit                        
20007ef0  __STACK_END                    
00000200  __STACK_SIZE                   
20007ef0  __STACK_TOP                    
00003fb8  __TI_CINIT_Base                
00003fd0  __TI_CINIT_Limit               
00003f98  __TI_Handler_Table_Base        
00003fa4  __TI_Handler_Table_Limit       
00002275  __TI_auto_init                 
20007f48  __TI_cleanup_ptr               
0000234d  __TI_decompress_lzss           
00003853  __TI_decompress_none           
20007f4c  __TI_dtors_ptr                 
20007f50  __TI_enable_exit_profile_output
ffffffff  __TI_pprof_out_hndl            
ffffffff  __TI_prof_data_size            
ffffffff  __TI_prof_data_start           
00000000  __TI_static_base__             
0000389d  __TI_zero_init                 
00002d19  __aeabi_d2iz                   
000004c9  __aeabi_dadd                   
00000805  __aeabi_ddiv                   
000010ad  __aeabi_dmul                   
000004bf  __aeabi_dsub                   
0000323d  __aeabi_i2d                    
00002b07  __aeabi_idiv0                  
00001fb3  __aeabi_memclr                 
00001fb3  __aeabi_memclr4                
00001fb3  __aeabi_memclr8                
000019b9  __aeabi_memcpy                 
000019b9  __aeabi_memcpy4                
000019b9  __aeabi_memcpy8                
00001fb5  __aeabi_memset                 
00001fb5  __aeabi_memset4                
00001fb5  __aeabi_memset8                
00002eed  __aeabi_uidiv                  
00002eed  __aeabi_uidivmod               
ffffffff  __binit__                      
ffffffff  __c_args__                     
00002e2b  __mpu_init                     
20007cf0  __stack                        
0000366d  _args_main                     
0000291d  _c_int00                       
20007f6c  _lock                          
0000375f  _nop                           
00003757  _register_lock                 
00003751  _register_unlock               
0000309b  _system_post_cinit             
00003977  _system_pre_init               
20007f70  _unlock                        
00002975  abort                          
0000331d  altButtons                     
ffffffff  binit                          
20007ca8  bnOledCur                      
000032c5  calcDeltaT                     
0000358d  calcPercent                    
000031dd  checkButton                    
20007cec  clrOledCur                     
00002c39  copy_in                        
000017b9  displayInfo                    
00000675  displayStatus                  
20007cac  dxcoOledFontCur                
20007cb0  dycoOledFontCur                
0000297d  exit                           
20007cb4  fOledCharUpdate                
20007f40  g_ADCCount                     
20007cb8  g_pUARTSemaphore               
20000000  g_pfnRAMVectors                
00000000  g_pfnVectors                   
20007f60  g_yawCounter                   
000038a9  getAlt                         
000038b5  getSampCnt                     
000038c1  getYaw                         
00000da1  initButtons                    
0000363d  initClock                      
0000351d  initDisplay                    
00002ead  main                           
20007f88  main_func_sp                   
000019b9  memcpy                         
00001fbb  memset                         
20007cbc  modOledCur                     
20007cc0  pbOledCur                      
20007cc4  pbOledFontCur                  
20007cc8  pbOledFontUser                 
20007ccc  pbOledPatCur                   
20007cd0  pfnDoRop                       
00001865  pvPortMalloc                   
00003655  pvTaskIncrementMutexHeldCount  
20007ef0  pxCurrentTCB                   
000033c1  pxPortInitialiseStack          
00003ef8  rgbFillPat                     
2000779c  rgbOledBmp                     
0000397c  rgbOledFont0                   
20007adc  rgbOledFontUser                
000038cd  setAimAlt                      
000038d9  setAimYaw                      
00001a55  setMainDC                      
00002fe9  setMainPWM                     
00001b7d  setTailDC                      
0000309d  setTailPWM                     
00003481  setYawRef                      
20007c54  statusStr                      
00003f64  ulMaxSyscallInterruptPriority  
00001579  ulPortGetIPSR                  
000016fd  updateButtons                  
000035c1  usnprintf                      
00003347  ustrncpy                       
0000026d  uvsnprintf                     
000034a1  uxListRemove                   
0000326b  vApplicationStackOverflowHook  
00003725  vListInitialise                
00003971  vListInitialiseItem            
000030d5  vListInsert                    
00003685  vListInsertEnd                 
0000162d  vPortEnableVFP                 
00003571  vPortEnterCritical             
0000369d  vPortExitCritical              
00002da5  vPortFree                      
000015f1  vPortSVCHandler                
00003765  vPortSetupTimerInterrupt       
00001611  vPortStartFirstTask            
000026b9  vTaskDelay                     
00001e31  vTaskDelayUntil                
000038e5  vTaskMissedYield               
00002419  vTaskPlaceOnEventList          
00001c0d  vTaskPriorityInherit           
000036b5  vTaskSetTimeOutState           
000025fd  vTaskStartScheduler            
000037fd  vTaskSuspendAll                
00001c9d  vTaskSwitchContext             
00001591  xPortPendSVHandler             
00002f2d  xPortStartScheduler            
000032f1  xPortSysTickHandler            
20007f38  xQueueAlt                      
00002ab9  xQueueCreateMutex              
00002f6d  xQueueGenericCreate            
00000a6d  xQueueGenericReceive           
00001eb5  xQueueGenericReset             
000011a9  xQueueGenericSend              
20007f68  xQueueYaw                      
000029c5  xTaskCheckForTimeOut           
00000fad  xTaskGenericCreate             
000038f1  xTaskGetTickCount              
00000ea9  xTaskIncrementTick             
0000202d  xTaskPriorityDisinherit        
0000211d  xTaskRemoveFromEventList       
00001485  xTaskResumeAll                 
20007cd4  xchOledCur                     
20007cd8  xchOledMax                     
20007cdc  xcoOledCur                     
000034c1  yawButtons                     
00002c85  yawIntHandler                  
000033e9  yawRefHandler                  
20007ce0  ychOledCur                     
20007ce4  ychOledMax                     
20007ce8  ycoOledCur                     


GLOBAL SYMBOLS: SORTED BY Symbol Address 

address   name                           
-------   ----                           
00000000  __TI_static_base__             
00000000  g_pfnVectors                   
00000200  __STACK_SIZE                   
0000026d  uvsnprintf                     
000004bf  __aeabi_dsub                   
000004c9  __aeabi_dadd                   
00000675  displayStatus                  
00000805  __aeabi_ddiv                   
0000093b  GPIOPadConfigSet               
00000a6d  xQueueGenericReceive           
00000b85  SysCtlClockGet                 
00000c95  YawInit                        
00000da1  initButtons                    
00000ea9  xTaskIncrementTick             
00000fad  xTaskGenericCreate             
000010ad  __aeabi_dmul                   
000011a9  xQueueGenericSend              
000012a5  OrbitOledHostInit              
00001395  StateTask                      
00001485  xTaskResumeAll                 
00001579  ulPortGetIPSR                  
00001591  xPortPendSVHandler             
000015f1  vPortSVCHandler                
00001611  vPortStartFirstTask            
0000162d  vPortEnableVFP                 
0000163d  PWMinit                        
000016fd  updateButtons                  
000017b9  displayInfo                    
00001865  pvPortMalloc                   
00001911  ADCTaskInit                    
000019b9  __aeabi_memcpy                 
000019b9  __aeabi_memcpy4                
000019b9  __aeabi_memcpy8                
000019b9  memcpy                         
00001a55  setMainDC                      
00001aed  OrbitOledDevInit               
00001b7d  setTailDC                      
00001c0d  vTaskPriorityInherit           
00001c9d  vTaskSwitchContext             
00001d29  OrbitOledDvrInit               
00001dad  ReceiveTaskInit                
00001e31  vTaskDelayUntil                
00001eb5  xQueueGenericReset             
00001f39  ADCSequenceStepConfigure       
00001fb3  __aeabi_memclr                 
00001fb3  __aeabi_memclr4                
00001fb3  __aeabi_memclr8                
00001fb5  __aeabi_memset                 
00001fb5  __aeabi_memset4                
00001fb5  __aeabi_memset8                
00001fbb  memset                         
0000202d  xTaskPriorityDisinherit        
0000211d  xTaskRemoveFromEventList       
00002205  ADCTask                        
00002275  __TI_auto_init                 
000022e5  IntEnable                      
0000234d  __TI_decompress_lzss           
000023b5  ConfigureUART                  
00002419  vTaskPlaceOnEventList          
0000247d  DisplayTask                    
000024dd  TimerConfigure                 
0000253d  UARTStdioConfig                
000025fd  vTaskStartScheduler            
0000265d  MotorControlTask               
000026b9  vTaskDelay                     
00002715  ADCSequenceConfigure           
0000276d  GPIOIntTypeSet                 
000027c5  OrbitOledPutBuffer             
00002875  OrbitOledDrawGlyph             
0000291d  _c_int00                       
00002971  C$$EXIT                        
00002975  abort                          
0000297d  exit                           
000029c5  xTaskCheckForTimeOut           
00002a19  OrbitOledUpdate                
00002a69  Ssi3PutByte                    
00002ab9  xQueueCreateMutex              
00002b07  __aeabi_idiv0                  
00002b09  GPIOPinConfigure               
00002b55  OrbitOledSetCursor             
00002ba1  ReceiveTask                    
00002c39  copy_in                        
00002c85  yawIntHandler                  
00002cd1  OrbitOledMoveTo                
00002d19  __aeabi_d2iz                   
00002d61  OrbitOledSetDrawMode           
00002da5  vPortFree                      
00002e2b  __mpu_init                     
00002e2d  OrbitOledAdvanceCursor         
00002ead  main                           
00002eed  __aeabi_uidiv                  
00002eed  __aeabi_uidivmod               
00002f2d  xPortStartScheduler            
00002f6d  xQueueGenericCreate            
00002fad  SSIConfigSetExpClk             
00002fe9  setMainPWM                     
0000309b  _system_post_cinit             
0000309d  setTailPWM                     
000030d5  vListInsert                    
0000310d  IntRegister                    
00003141  StateInit                      
00003175  SysCtlPeripheralEnable         
000031dd  checkButton                    
0000323d  __aeabi_i2d                    
0000326b  vApplicationStackOverflowHook  
0000326d  DelayMs                        
00003299  GPIODirModeSet                 
000032c5  calcDeltaT                     
000032f1  xPortSysTickHandler            
0000331d  altButtons                     
00003347  ustrncpy                       
00003371  OrbitOledPutString             
000033c1  pxPortInitialiseStack          
000033e9  yawRefHandler                  
00003439  DelayInit                      
0000345d  PWMGenConfigure                
00003481  setYawRef                      
000034a1  uxListRemove                   
000034c1  yawButtons                     
000034e1  ADCSequenceDataGet             
000034ff  PWMPulseWidthSet               
0000351d  OLEDInitialise                 
0000351d  initDisplay                    
00003539  UARTSend                       
00003571  vPortEnterCritical             
0000358d  calcPercent                    
000035c1  usnprintf                      
000035db  ADCProcessorTrigger            
000035f3  GPIOIntRegister                
0000360b  GPIOPinTypeGPIOOutput          
00003625  OrbitOledClearBuffer           
0000363d  initClock                      
00003655  pvTaskIncrementMutexHeldCount  
0000366d  _args_main                     
00003685  vListInsertEnd                 
0000369d  vPortExitCritical              
000036b5  vTaskSetTimeOutState           
000036cd  GPIOPinTypeGPIOInput           
000036e3  GPIOPinTypePWM                 
000036f9  GPIOPinTypeSSI                 
0000370f  OLEDStringDraw                 
00003725  vListInitialise                
0000373b  OrbitOledInit                  
00003751  _register_unlock               
00003757  _register_lock                 
0000375f  _nop                           
00003765  vPortSetupTimerInterrupt       
00003779  PWMOutputState                 
0000379d  ADCIntEnable                   
000037ad  IntMasterEnable                
000037bd  OrbitOledClampXco              
000037cd  OrbitOledClampYco              
000037dd  PWMGenPeriodSet                
000037fd  vTaskSuspendAll                
0000380d  ADCHardwareOversampleConfigure 
0000381b  ADCSequenceEnable              
00003829  GPIOIntDisable                 
00003837  OrbitOledRopSet                
00003845  TimerEnable                    
00003853  __TI_decompress_none           
00003861  CPUcpsie                       
0000386d  GPIOIntEnable                  
00003879  OrbitOledClear                 
00003885  PWMGenEnable                   
00003891  SSIDataGet                     
0000389d  __TI_zero_init                 
000038a9  getAlt                         
000038b5  getSampCnt                     
000038c1  getYaw                         
000038cd  setAimAlt                      
000038d9  setAimYaw                      
000038e5  vTaskMissedYield               
000038f1  xTaskGetTickCount              
000038fd  SSIDataPut                     
00003907  SSIEnable                      
00003911  TimerValueGet                  
0000391b  UARTCharPut                    
00003925  OrbitOledRopAnd                
0000392d  OrbitOledRopOr                 
00003935  OrbitOledRopXor                
0000393d  SSIBusy                        
0000394d  GPIOIntClear                   
00003953  GPIOPinRead                    
00003959  GPIOPinWrite                   
0000395f  ResetISR                       
00003965  SSIClockSourceSet              
0000396b  UARTClockSourceSet             
00003971  vListInitialiseItem            
00003977  _system_pre_init               
0000397c  rgbOledFont0                   
00003ef8  rgbFillPat                     
00003f64  ulMaxSyscallInterruptPriority  
00003f98  __TI_Handler_Table_Base        
00003fa4  __TI_Handler_Table_Limit       
00003fb8  __TI_CINIT_Base                
00003fd0  __TI_CINIT_Limit               
20000000  g_pfnRAMVectors                
2000779c  rgbOledBmp                     
20007adc  rgbOledFontUser                
20007c54  statusStr                      
20007ca8  bnOledCur                      
20007cac  dxcoOledFontCur                
20007cb0  dycoOledFontCur                
20007cb4  fOledCharUpdate                
20007cb8  g_pUARTSemaphore               
20007cbc  modOledCur                     
20007cc0  pbOledCur                      
20007cc4  pbOledFontCur                  
20007cc8  pbOledFontUser                 
20007ccc  pbOledPatCur                   
20007cd0  pfnDoRop                       
20007cd4  xchOledCur                     
20007cd8  xchOledMax                     
20007cdc  xcoOledCur                     
20007ce0  ychOledCur                     
20007ce4  ychOledMax                     
20007ce8  ycoOledCur                     
20007cec  clrOledCur                     
20007cf0  __stack                        
20007ef0  __STACK_END                    
20007ef0  __STACK_TOP                    
20007ef0  pxCurrentTCB                   
20007f38  xQueueAlt                      
20007f40  g_ADCCount                     
20007f48  __TI_cleanup_ptr               
20007f4c  __TI_dtors_ptr                 
20007f50  __TI_enable_exit_profile_output
20007f60  g_yawCounter                   
20007f68  xQueueYaw                      
20007f6c  _lock                          
20007f70  _unlock                        
20007f88  main_func_sp                   
ffffffff  __TI_pprof_out_hndl            
ffffffff  __TI_prof_data_size            
ffffffff  __TI_prof_data_start           
ffffffff  __binit__                      
ffffffff  __c_args__                     
ffffffff  binit                          
UNDEFED   SHT$$INIT_ARRAY$$Base          
UNDEFED   SHT$$INIT_ARRAY$$Limit         

[240 symbols]
