<?xml version="1.0"?>
<link_info>
   <banner>TI ARM Linker PC v16.9.6.LTS</banner>
   <copyright>Copyright (c) 1996-2017 Texas Instruments Incorporated</copyright>
   <link_time>0x5d5f7130</link_time>
   <link_errors>0x0</link_errors>
   <output_file>freertos_demo.out</output_file>
   <entry_point>
      <name>_c_int00</name>
      <address>0x291d</address>
   </entry_point>
   <input_file_list>
      <input_file id="fl-2">
         <path>.\</path>
         <kind>object</kind>
         <file>ADC_Task.obj</file>
         <name>ADC_Task.obj</name>
      </input_file>
      <input_file id="fl-3">
         <path>.\</path>
         <kind>object</kind>
         <file>Control_Task.obj</file>
         <name>Control_Task.obj</name>
      </input_file>
      <input_file id="fl-4">
         <path>.\</path>
         <kind>object</kind>
         <file>State_Task.obj</file>
         <name>State_Task.obj</name>
      </input_file>
      <input_file id="fl-5">
         <path>.\</path>
         <kind>object</kind>
         <file>Yaw_Task.obj</file>
         <name>Yaw_Task.obj</name>
      </input_file>
      <input_file id="fl-6">
         <path>.\</path>
         <kind>object</kind>
         <file>buttons4.obj</file>
         <name>buttons4.obj</name>
      </input_file>
      <input_file id="fl-7">
         <path>.\</path>
         <kind>object</kind>
         <file>display.obj</file>
         <name>display.obj</name>
      </input_file>
      <input_file id="fl-8">
         <path>.\</path>
         <kind>object</kind>
         <file>freertos_demo.obj</file>
         <name>freertos_demo.obj</name>
      </input_file>
      <input_file id="fl-9">
         <path>.\</path>
         <kind>object</kind>
         <file>pwmGen.obj</file>
         <name>pwmGen.obj</name>
      </input_file>
      <input_file id="fl-a">
         <path>.\</path>
         <kind>object</kind>
         <file>startup_ccs.obj</file>
         <name>startup_ccs.obj</name>
      </input_file>
      <input_file id="fl-b">
         <path>.\OrbitOLED\</path>
         <kind>object</kind>
         <file>OrbitOLEDInterface.obj</file>
         <name>OrbitOLEDInterface.obj</name>
      </input_file>
      <input_file id="fl-c">
         <path>.\OrbitOLED\lib_OrbitOled\</path>
         <kind>object</kind>
         <file>ChrFont0.obj</file>
         <name>ChrFont0.obj</name>
      </input_file>
      <input_file id="fl-d">
         <path>.\OrbitOLED\lib_OrbitOled\</path>
         <kind>object</kind>
         <file>FillPat.obj</file>
         <name>FillPat.obj</name>
      </input_file>
      <input_file id="fl-e">
         <path>.\OrbitOLED\lib_OrbitOled\</path>
         <kind>object</kind>
         <file>OrbitOled.obj</file>
         <name>OrbitOled.obj</name>
      </input_file>
      <input_file id="fl-f">
         <path>.\OrbitOLED\lib_OrbitOled\</path>
         <kind>object</kind>
         <file>OrbitOledChar.obj</file>
         <name>OrbitOledChar.obj</name>
      </input_file>
      <input_file id="fl-10">
         <path>.\OrbitOLED\lib_OrbitOled\</path>
         <kind>object</kind>
         <file>OrbitOledGrph.obj</file>
         <name>OrbitOledGrph.obj</name>
      </input_file>
      <input_file id="fl-11">
         <path>.\OrbitOLED\lib_OrbitOled\</path>
         <kind>object</kind>
         <file>delay.obj</file>
         <name>delay.obj</name>
      </input_file>
      <input_file id="fl-12">
         <path>.\drivers\</path>
         <kind>object</kind>
         <file>buttons.obj</file>
         <name>buttons.obj</name>
      </input_file>
      <input_file id="fl-13">
         <path>.\drivers\</path>
         <kind>object</kind>
         <file>rgb.obj</file>
         <name>rgb.obj</name>
      </input_file>
      <input_file id="fl-14">
         <path>.\third_party\FreeRTOS\Source\</path>
         <kind>object</kind>
         <file>croutine.obj</file>
         <name>croutine.obj</name>
      </input_file>
      <input_file id="fl-15">
         <path>.\third_party\FreeRTOS\Source\</path>
         <kind>object</kind>
         <file>event_groups.obj</file>
         <name>event_groups.obj</name>
      </input_file>
      <input_file id="fl-16">
         <path>.\third_party\FreeRTOS\Source\</path>
         <kind>object</kind>
         <file>list.obj</file>
         <name>list.obj</name>
      </input_file>
      <input_file id="fl-17">
         <path>.\third_party\FreeRTOS\Source\</path>
         <kind>object</kind>
         <file>queue.obj</file>
         <name>queue.obj</name>
      </input_file>
      <input_file id="fl-18">
         <path>.\third_party\FreeRTOS\Source\</path>
         <kind>object</kind>
         <file>tasks.obj</file>
         <name>tasks.obj</name>
      </input_file>
      <input_file id="fl-19">
         <path>.\third_party\FreeRTOS\Source\</path>
         <kind>object</kind>
         <file>timers.obj</file>
         <name>timers.obj</name>
      </input_file>
      <input_file id="fl-1a">
         <path>.\third_party\FreeRTOS\Source\portable\CCS\ARM_CM4F\</path>
         <kind>object</kind>
         <file>port.obj</file>
         <name>port.obj</name>
      </input_file>
      <input_file id="fl-1b">
         <path>.\third_party\FreeRTOS\Source\portable\CCS\ARM_CM4F\</path>
         <kind>object</kind>
         <file>portasm.obj</file>
         <name>portasm.obj</name>
      </input_file>
      <input_file id="fl-1c">
         <path>.\third_party\FreeRTOS\Source\portable\MemMang\</path>
         <kind>object</kind>
         <file>heap_2.obj</file>
         <name>heap_2.obj</name>
      </input_file>
      <input_file id="fl-1d">
         <path>.\utils\</path>
         <kind>object</kind>
         <file>uartstdio.obj</file>
         <name>uartstdio.obj</name>
      </input_file>
      <input_file id="fl-1e">
         <path>.\utils\</path>
         <kind>object</kind>
         <file>ustdlib.obj</file>
         <name>ustdlib.obj</name>
      </input_file>
      <input_file id="fl-23">
         <kind>object</kind>
         <file>&lt;internal&gt;</file>
         <name>&lt;internal&gt;</name>
      </input_file>
      <input_file id="fl-d9">
         <path>C:\ti\ccsv7\tools\compiler\ti-cgt-arm_16.9.6.LTS\lib\</path>
         <kind>archive</kind>
         <file>rtsv7M4_T_le_v4SPD16_eabi.lib</file>
         <name>boot.obj</name>
      </input_file>
      <input_file id="fl-da">
         <path>C:\ti\ccsv7\tools\compiler\ti-cgt-arm_16.9.6.LTS\lib\</path>
         <kind>archive</kind>
         <file>rtsv7M4_T_le_v4SPD16_eabi.lib</file>
         <name>copy_decompress_lzss.obj</name>
      </input_file>
      <input_file id="fl-db">
         <path>C:\ti\ccsv7\tools\compiler\ti-cgt-arm_16.9.6.LTS\lib\</path>
         <kind>archive</kind>
         <file>rtsv7M4_T_le_v4SPD16_eabi.lib</file>
         <name>copy_decompress_none.obj</name>
      </input_file>
      <input_file id="fl-dc">
         <path>C:\ti\ccsv7\tools\compiler\ti-cgt-arm_16.9.6.LTS\lib\</path>
         <kind>archive</kind>
         <file>rtsv7M4_T_le_v4SPD16_eabi.lib</file>
         <name>copy_zero_init.obj</name>
      </input_file>
      <input_file id="fl-dd">
         <path>C:\ti\ccsv7\tools\compiler\ti-cgt-arm_16.9.6.LTS\lib\</path>
         <kind>archive</kind>
         <file>rtsv7M4_T_le_v4SPD16_eabi.lib</file>
         <name>exit.obj</name>
      </input_file>
      <input_file id="fl-de">
         <path>C:\ti\ccsv7\tools\compiler\ti-cgt-arm_16.9.6.LTS\lib\</path>
         <kind>archive</kind>
         <file>rtsv7M4_T_le_v4SPD16_eabi.lib</file>
         <name>fd_add_t2.obj</name>
      </input_file>
      <input_file id="fl-df">
         <path>C:\ti\ccsv7\tools\compiler\ti-cgt-arm_16.9.6.LTS\lib\</path>
         <kind>archive</kind>
         <file>rtsv7M4_T_le_v4SPD16_eabi.lib</file>
         <name>fd_div_t2.obj</name>
      </input_file>
      <input_file id="fl-e0">
         <path>C:\ti\ccsv7\tools\compiler\ti-cgt-arm_16.9.6.LTS\lib\</path>
         <kind>archive</kind>
         <file>rtsv7M4_T_le_v4SPD16_eabi.lib</file>
         <name>fd_mul_t2.obj</name>
      </input_file>
      <input_file id="fl-e1">
         <path>C:\ti\ccsv7\tools\compiler\ti-cgt-arm_16.9.6.LTS\lib\</path>
         <kind>archive</kind>
         <file>rtsv7M4_T_le_v4SPD16_eabi.lib</file>
         <name>fd_toi_t2.obj</name>
      </input_file>
      <input_file id="fl-e2">
         <path>C:\ti\ccsv7\tools\compiler\ti-cgt-arm_16.9.6.LTS\lib\</path>
         <kind>archive</kind>
         <file>rtsv7M4_T_le_v4SPD16_eabi.lib</file>
         <name>fs_toull_t2.obj</name>
      </input_file>
      <input_file id="fl-e3">
         <path>C:\ti\ccsv7\tools\compiler\ti-cgt-arm_16.9.6.LTS\lib\</path>
         <kind>archive</kind>
         <file>rtsv7M4_T_le_v4SPD16_eabi.lib</file>
         <name>i_tofd_t2.obj</name>
      </input_file>
      <input_file id="fl-e4">
         <path>C:\ti\ccsv7\tools\compiler\ti-cgt-arm_16.9.6.LTS\lib\</path>
         <kind>archive</kind>
         <file>rtsv7M4_T_le_v4SPD16_eabi.lib</file>
         <name>memcpy_t2.obj</name>
      </input_file>
      <input_file id="fl-e5">
         <path>C:\ti\ccsv7\tools\compiler\ti-cgt-arm_16.9.6.LTS\lib\</path>
         <kind>archive</kind>
         <file>rtsv7M4_T_le_v4SPD16_eabi.lib</file>
         <name>memset_t2.obj</name>
      </input_file>
      <input_file id="fl-e6">
         <path>C:\ti\ccsv7\tools\compiler\ti-cgt-arm_16.9.6.LTS\lib\</path>
         <kind>archive</kind>
         <file>rtsv7M4_T_le_v4SPD16_eabi.lib</file>
         <name>mpu_init.obj</name>
      </input_file>
      <input_file id="fl-e7">
         <path>C:\ti\ccsv7\tools\compiler\ti-cgt-arm_16.9.6.LTS\lib\</path>
         <kind>archive</kind>
         <file>rtsv7M4_T_le_v4SPD16_eabi.lib</file>
         <name>pre_init.obj</name>
      </input_file>
      <input_file id="fl-e8">
         <path>C:\ti\ccsv7\tools\compiler\ti-cgt-arm_16.9.6.LTS\lib\</path>
         <kind>archive</kind>
         <file>rtsv7M4_T_le_v4SPD16_eabi.lib</file>
         <name>stkdepth_vars.obj</name>
      </input_file>
      <input_file id="fl-e9">
         <path>C:\ti\ccsv7\tools\compiler\ti-cgt-arm_16.9.6.LTS\lib\</path>
         <kind>archive</kind>
         <file>rtsv7M4_T_le_v4SPD16_eabi.lib</file>
         <name>u_divt2.obj</name>
      </input_file>
      <input_file id="fl-ea">
         <path>C:\ti\ccsv7\tools\compiler\ti-cgt-arm_16.9.6.LTS\lib\</path>
         <kind>archive</kind>
         <file>rtsv7M4_T_le_v4SPD16_eabi.lib</file>
         <name>_lock.obj</name>
      </input_file>
      <input_file id="fl-eb">
         <path>C:\ti\ccsv7\tools\compiler\ti-cgt-arm_16.9.6.LTS\lib\</path>
         <kind>archive</kind>
         <file>rtsv7M4_T_le_v4SPD16_eabi.lib</file>
         <name>args_main.obj</name>
      </input_file>
      <input_file id="fl-ec">
         <path>C:\ti\ccsv7\tools\compiler\ti-cgt-arm_16.9.6.LTS\lib\</path>
         <kind>archive</kind>
         <file>rtsv7M4_T_le_v4SPD16_eabi.lib</file>
         <name>autoinit.obj</name>
      </input_file>
      <input_file id="fl-ed">
         <path>C:\ti\ccsv7\tools\compiler\ti-cgt-arm_16.9.6.LTS\lib\</path>
         <kind>archive</kind>
         <file>rtsv7M4_T_le_v4SPD16_eabi.lib</file>
         <name>cpy_tbl.obj</name>
      </input_file>
      <input_file id="fl-ee">
         <path>C:\ti\ccsv7\tools\compiler\ti-cgt-arm_16.9.6.LTS\lib\</path>
         <kind>archive</kind>
         <file>rtsv7M4_T_le_v4SPD16_eabi.lib</file>
         <name>i_div0.obj</name>
      </input_file>
      <input_file id="fl-ef">
         <path>C:\ti\ccsv7\tools\compiler\ti-cgt-arm_16.9.6.LTS\lib\</path>
         <kind>archive</kind>
         <file>rtsv7M4_T_le_v4SPD16_eabi.lib</file>
         <name>startup.obj</name>
      </input_file>
      <input_file id="fl-f0">
         <path>C:\ti\TivaWare_C_Series-2.1.3.156\driverlib\ccs\Debug\</path>
         <kind>archive</kind>
         <file>driverlib.lib</file>
         <name>adc.obj</name>
      </input_file>
      <input_file id="fl-f1">
         <path>C:\ti\TivaWare_C_Series-2.1.3.156\driverlib\ccs\Debug\</path>
         <kind>archive</kind>
         <file>driverlib.lib</file>
         <name>gpio.obj</name>
      </input_file>
      <input_file id="fl-f2">
         <path>C:\ti\TivaWare_C_Series-2.1.3.156\driverlib\ccs\Debug\</path>
         <kind>archive</kind>
         <file>driverlib.lib</file>
         <name>interrupt.obj</name>
      </input_file>
      <input_file id="fl-f3">
         <path>C:\ti\TivaWare_C_Series-2.1.3.156\driverlib\ccs\Debug\</path>
         <kind>archive</kind>
         <file>driverlib.lib</file>
         <name>pwm.obj</name>
      </input_file>
      <input_file id="fl-f4">
         <path>C:\ti\TivaWare_C_Series-2.1.3.156\driverlib\ccs\Debug\</path>
         <kind>archive</kind>
         <file>driverlib.lib</file>
         <name>ssi.obj</name>
      </input_file>
      <input_file id="fl-f5">
         <path>C:\ti\TivaWare_C_Series-2.1.3.156\driverlib\ccs\Debug\</path>
         <kind>archive</kind>
         <file>driverlib.lib</file>
         <name>sysctl.obj</name>
      </input_file>
      <input_file id="fl-f6">
         <path>C:\ti\TivaWare_C_Series-2.1.3.156\driverlib\ccs\Debug\</path>
         <kind>archive</kind>
         <file>driverlib.lib</file>
         <name>timer.obj</name>
      </input_file>
      <input_file id="fl-f7">
         <path>C:\ti\TivaWare_C_Series-2.1.3.156\driverlib\ccs\Debug\</path>
         <kind>archive</kind>
         <file>driverlib.lib</file>
         <name>uart.obj</name>
      </input_file>
      <input_file id="fl-f8">
         <path>C:\ti\TivaWare_C_Series-2.1.3.156\driverlib\ccs\Debug\</path>
         <kind>archive</kind>
         <file>driverlib.lib</file>
         <name>cpu.obj</name>
      </input_file>
   </input_file_list>
   <object_component_list>
      <object_component id="oc-f">
         <name>.intvecs</name>
         <load_address>0x0</load_address>
         <run_address>0x0</run_address>
         <size>0x26c</size>
         <input_file_ref idref="fl-a"/>
      </object_component>
      <object_component id="oc-642">
         <name>.text:uvsnprintf</name>
         <load_address>0x26c</load_address>
         <run_address>0x26c</run_address>
         <size>0x251</size>
         <input_file_ref idref="fl-1e"/>
      </object_component>
      <object_component id="oc-55d">
         <name>.text</name>
         <load_address>0x4be</load_address>
         <run_address>0x4be</run_address>
         <size>0x1b6</size>
         <input_file_ref idref="fl-de"/>
      </object_component>
      <object_component id="oc-3bb">
         <name>.text:displayStatus</name>
         <load_address>0x674</load_address>
         <run_address>0x674</run_address>
         <size>0x190</size>
         <input_file_ref idref="fl-7"/>
      </object_component>
      <object_component id="oc-562">
         <name>.text</name>
         <load_address>0x804</load_address>
         <run_address>0x804</run_address>
         <size>0x136</size>
         <input_file_ref idref="fl-df"/>
      </object_component>
      <object_component id="oc-1ff">
         <name>.text:GPIOPadConfigSet</name>
         <load_address>0x93a</load_address>
         <run_address>0x93a</run_address>
         <size>0x132</size>
         <input_file_ref idref="fl-f1"/>
      </object_component>
      <object_component id="oc-3a5">
         <name>.text:xQueueGenericReceive</name>
         <load_address>0xa6c</load_address>
         <run_address>0xa6c</run_address>
         <size>0x118</size>
         <input_file_ref idref="fl-17"/>
      </object_component>
      <object_component id="oc-2f7">
         <name>.text:SysCtlClockGet</name>
         <load_address>0xb84</load_address>
         <run_address>0xb84</run_address>
         <size>0x110</size>
         <input_file_ref idref="fl-f5"/>
      </object_component>
      <object_component id="oc-13c">
         <name>.text:YawInit</name>
         <load_address>0xc94</load_address>
         <run_address>0xc94</run_address>
         <size>0x10c</size>
         <input_file_ref idref="fl-5"/>
      </object_component>
      <object_component id="oc-136">
         <name>.text:initButtons</name>
         <load_address>0xda0</load_address>
         <run_address>0xda0</run_address>
         <size>0x108</size>
         <input_file_ref idref="fl-6"/>
      </object_component>
      <object_component id="oc-a7">
         <name>.text:xTaskIncrementTick</name>
         <load_address>0xea8</load_address>
         <run_address>0xea8</run_address>
         <size>0x104</size>
         <input_file_ref idref="fl-18"/>
      </object_component>
      <object_component id="oc-230">
         <name>.text:xTaskGenericCreate</name>
         <load_address>0xfac</load_address>
         <run_address>0xfac</run_address>
         <size>0x100</size>
         <input_file_ref idref="fl-18"/>
      </object_component>
      <object_component id="oc-558">
         <name>.text</name>
         <load_address>0x10ac</load_address>
         <run_address>0x10ac</run_address>
         <size>0xfc</size>
         <input_file_ref idref="fl-e0"/>
      </object_component>
      <object_component id="oc-2be">
         <name>.text:xQueueGenericSend</name>
         <load_address>0x11a8</load_address>
         <run_address>0x11a8</run_address>
         <size>0xfc</size>
         <input_file_ref idref="fl-17"/>
      </object_component>
      <object_component id="oc-3e8">
         <name>.text:OrbitOledHostInit</name>
         <load_address>0x12a4</load_address>
         <run_address>0x12a4</run_address>
         <size>0xf0</size>
         <input_file_ref idref="fl-e"/>
      </object_component>
      <object_component id="oc-2a4">
         <name>.text:StateTask</name>
         <load_address>0x1394</load_address>
         <run_address>0x1394</run_address>
         <size>0xf0</size>
         <input_file_ref idref="fl-4"/>
      </object_component>
      <object_component id="oc-443">
         <name>.text:xTaskResumeAll</name>
         <load_address>0x1484</load_address>
         <run_address>0x1484</run_address>
         <size>0xe4</size>
         <input_file_ref idref="fl-18"/>
      </object_component>
      <object_component id="oc-43">
         <name>.text</name>
         <load_address>0x1568</load_address>
         <run_address>0x1568</run_address>
         <size>0xd2</size>
         <input_file_ref idref="fl-1b"/>
      </object_component>
      <object_component id="oc-37">
         <name>.text:FaultISR</name>
         <load_address>0x163a</load_address>
         <run_address>0x163a</run_address>
         <size>0x2</size>
         <input_file_ref idref="fl-a"/>
      </object_component>
      <object_component id="oc-130">
         <name>.text:PWMinit</name>
         <load_address>0x163c</load_address>
         <run_address>0x163c</run_address>
         <size>0xc0</size>
         <input_file_ref idref="fl-9"/>
      </object_component>
      <object_component id="oc-401">
         <name>.text:updateButtons</name>
         <load_address>0x16fc</load_address>
         <run_address>0x16fc</run_address>
         <size>0xbc</size>
         <input_file_ref idref="fl-6"/>
      </object_component>
      <object_component id="oc-3b5">
         <name>.text:displayInfo</name>
         <load_address>0x17b8</load_address>
         <run_address>0x17b8</run_address>
         <size>0xac</size>
         <input_file_ref idref="fl-7"/>
      </object_component>
      <object_component id="oc-2b2">
         <name>.text:pvPortMalloc</name>
         <load_address>0x1864</load_address>
         <run_address>0x1864</run_address>
         <size>0xac</size>
         <input_file_ref idref="fl-1c"/>
      </object_component>
      <object_component id="oc-142">
         <name>.text:ADCTaskInit</name>
         <load_address>0x1910</load_address>
         <run_address>0x1910</run_address>
         <size>0xa8</size>
         <input_file_ref idref="fl-2"/>
      </object_component>
      <object_component id="oc-5c">
         <name>.text</name>
         <load_address>0x19b8</load_address>
         <run_address>0x19b8</run_address>
         <size>0x9c</size>
         <input_file_ref idref="fl-e4"/>
      </object_component>
      <object_component id="oc-3d1">
         <name>.text:setMainDC</name>
         <load_address>0x1a54</load_address>
         <run_address>0x1a54</run_address>
         <size>0x98</size>
         <input_file_ref idref="fl-3"/>
      </object_component>
      <object_component id="oc-3f4">
         <name>.text:OrbitOledDevInit</name>
         <load_address>0x1aec</load_address>
         <run_address>0x1aec</run_address>
         <size>0x90</size>
         <input_file_ref idref="fl-e"/>
      </object_component>
      <object_component id="oc-3cb">
         <name>.text:setTailDC</name>
         <load_address>0x1b7c</load_address>
         <run_address>0x1b7c</run_address>
         <size>0x90</size>
         <input_file_ref idref="fl-3"/>
      </object_component>
      <object_component id="oc-51c">
         <name>.text:vTaskPriorityInherit</name>
         <load_address>0x1c0c</load_address>
         <run_address>0x1c0c</run_address>
         <size>0x90</size>
         <input_file_ref idref="fl-18"/>
      </object_component>
      <object_component id="oc-a0">
         <name>.text:vTaskSwitchContext</name>
         <load_address>0x1c9c</load_address>
         <run_address>0x1c9c</run_address>
         <size>0x8c</size>
         <input_file_ref idref="fl-18"/>
      </object_component>
      <object_component id="oc-3ee">
         <name>.text:OrbitOledDvrInit</name>
         <load_address>0x1d28</load_address>
         <run_address>0x1d28</run_address>
         <size>0x84</size>
         <input_file_ref idref="fl-e"/>
      </object_component>
      <object_component id="oc-148">
         <name>.text:ReceiveTaskInit</name>
         <load_address>0x1dac</load_address>
         <run_address>0x1dac</run_address>
         <size>0x84</size>
         <input_file_ref idref="fl-3"/>
      </object_component>
      <object_component id="oc-399">
         <name>.text:vTaskDelayUntil</name>
         <load_address>0x1e30</load_address>
         <run_address>0x1e30</run_address>
         <size>0x84</size>
         <input_file_ref idref="fl-18"/>
      </object_component>
      <object_component id="oc-4fe">
         <name>.text:xQueueGenericReset</name>
         <load_address>0x1eb4</load_address>
         <run_address>0x1eb4</run_address>
         <size>0x84</size>
         <input_file_ref idref="fl-17"/>
      </object_component>
      <object_component id="oc-24f">
         <name>.text:ADCSequenceStepConfigure</name>
         <load_address>0x1f38</load_address>
         <run_address>0x1f38</run_address>
         <size>0x7a</size>
         <input_file_ref idref="fl-f0"/>
      </object_component>
      <object_component id="oc-68">
         <name>.text</name>
         <load_address>0x1fb2</load_address>
         <run_address>0x1fb2</run_address>
         <size>0x7a</size>
         <input_file_ref idref="fl-e5"/>
      </object_component>
      <object_component id="oc-610">
         <name>.text:xTaskPriorityDisinherit</name>
         <load_address>0x202c</load_address>
         <run_address>0x202c</run_address>
         <size>0x78</size>
         <input_file_ref idref="fl-18"/>
      </object_component>
      <object_component id="oc-461">
         <name>.text:prvUnlockQueue</name>
         <load_address>0x20a4</load_address>
         <run_address>0x20a4</run_address>
         <size>0x76</size>
         <input_file_ref idref="fl-17"/>
      </object_component>
      <object_component id="oc-3d">
         <name>.text:IntDefaultHandler</name>
         <load_address>0x211a</load_address>
         <run_address>0x211a</run_address>
         <size>0x2</size>
         <input_file_ref idref="fl-a"/>
      </object_component>
      <object_component id="oc-479">
         <name>.text:xTaskRemoveFromEventList</name>
         <load_address>0x211c</load_address>
         <run_address>0x211c</run_address>
         <size>0x74</size>
         <input_file_ref idref="fl-18"/>
      </object_component>
      <object_component id="oc-473">
         <name>.text:prvCopyDataToQueue</name>
         <load_address>0x2190</load_address>
         <run_address>0x2190</run_address>
         <size>0x72</size>
         <input_file_ref idref="fl-17"/>
      </object_component>
      <object_component id="oc-31">
         <name>.text:NmiSR</name>
         <load_address>0x2202</load_address>
         <run_address>0x2202</run_address>
         <size>0x2</size>
         <input_file_ref idref="fl-a"/>
      </object_component>
      <object_component id="oc-273">
         <name>.text:ADCTask</name>
         <load_address>0x2204</load_address>
         <run_address>0x2204</run_address>
         <size>0x70</size>
         <input_file_ref idref="fl-2"/>
      </object_component>
      <object_component id="oc-80">
         <name>.text</name>
         <load_address>0x2274</load_address>
         <run_address>0x2274</run_address>
         <size>0x70</size>
         <input_file_ref idref="fl-ec"/>
      </object_component>
      <object_component id="oc-327">
         <name>.text:IntEnable</name>
         <load_address>0x22e4</load_address>
         <run_address>0x22e4</run_address>
         <size>0x68</size>
         <input_file_ref idref="fl-f2"/>
      </object_component>
      <object_component id="oc-12">
         <name>.text:decompress:lzss</name>
         <load_address>0x234c</load_address>
         <run_address>0x234c</run_address>
         <size>0x68</size>
         <input_file_ref idref="fl-da"/>
      </object_component>
      <object_component id="oc-14e">
         <name>.text:ConfigureUART</name>
         <load_address>0x23b4</load_address>
         <run_address>0x23b4</run_address>
         <size>0x64</size>
         <input_file_ref idref="fl-8"/>
      </object_component>
      <object_component id="oc-46d">
         <name>.text:vTaskPlaceOnEventList</name>
         <load_address>0x2418</load_address>
         <run_address>0x2418</run_address>
         <size>0x64</size>
         <input_file_ref idref="fl-18"/>
      </object_component>
      <object_component id="oc-283">
         <name>.text:DisplayTask</name>
         <load_address>0x247c</load_address>
         <run_address>0x247c</run_address>
         <size>0x60</size>
         <input_file_ref idref="fl-3"/>
      </object_component>
      <object_component id="oc-66b">
         <name>.text:TimerConfigure</name>
         <load_address>0x24dc</load_address>
         <run_address>0x24dc</run_address>
         <size>0x60</size>
         <input_file_ref idref="fl-f6"/>
      </object_component>
      <object_component id="oc-296">
         <name>.text:UARTStdioConfig</name>
         <load_address>0x253c</load_address>
         <run_address>0x253c</run_address>
         <size>0x60</size>
         <input_file_ref idref="fl-1d"/>
      </object_component>
      <object_component id="oc-348">
         <name>.text:prvInitialiseTaskLists</name>
         <load_address>0x259c</load_address>
         <run_address>0x259c</run_address>
         <size>0x60</size>
         <input_file_ref idref="fl-18"/>
      </object_component>
      <object_component id="oc-16c">
         <name>.text:vTaskStartScheduler</name>
         <load_address>0x25fc</load_address>
         <run_address>0x25fc</run_address>
         <size>0x60</size>
         <input_file_ref idref="fl-18"/>
      </object_component>
      <object_component id="oc-289">
         <name>.text:MotorControlTask</name>
         <load_address>0x265c</load_address>
         <run_address>0x265c</run_address>
         <size>0x5c</size>
         <input_file_ref idref="fl-3"/>
      </object_component>
      <object_component id="oc-36c">
         <name>.text:vTaskDelay</name>
         <load_address>0x26b8</load_address>
         <run_address>0x26b8</run_address>
         <size>0x5c</size>
         <input_file_ref idref="fl-18"/>
      </object_component>
      <object_component id="oc-249">
         <name>.text:ADCSequenceConfigure</name>
         <load_address>0x2714</load_address>
         <run_address>0x2714</run_address>
         <size>0x58</size>
         <input_file_ref idref="fl-f0"/>
      </object_component>
      <object_component id="oc-224">
         <name>.text:GPIOIntTypeSet</name>
         <load_address>0x276c</load_address>
         <run_address>0x276c</run_address>
         <size>0x58</size>
         <input_file_ref idref="fl-f1"/>
      </object_component>
      <object_component id="oc-6cc">
         <name>.text:OrbitOledPutBuffer</name>
         <load_address>0x27c4</load_address>
         <run_address>0x27c4</run_address>
         <size>0x58</size>
         <input_file_ref idref="fl-e"/>
      </object_component>
      <object_component id="oc-497">
         <name>.text:prvCheckTasksWaitingTermination</name>
         <load_address>0x281c</load_address>
         <run_address>0x281c</run_address>
         <size>0x58</size>
         <input_file_ref idref="fl-18"/>
      </object_component>
      <object_component id="oc-6e7">
         <name>.text:OrbitOledDrawGlyph</name>
         <load_address>0x2874</load_address>
         <run_address>0x2874</run_address>
         <size>0x54</size>
         <input_file_ref idref="fl-f"/>
      </object_component>
      <object_component id="oc-336">
         <name>.text:prvInitialiseTCBVariables</name>
         <load_address>0x28c8</load_address>
         <run_address>0x28c8</run_address>
         <size>0x54</size>
         <input_file_ref idref="fl-18"/>
      </object_component>
      <object_component id="oc-24">
         <name>.text</name>
         <load_address>0x291c</load_address>
         <run_address>0x291c</run_address>
         <size>0x54</size>
         <input_file_ref idref="fl-d9"/>
      </object_component>
      <object_component id="oc-8c">
         <name>.text</name>
         <load_address>0x2970</load_address>
         <run_address>0x2970</run_address>
         <size>0x54</size>
         <input_file_ref idref="fl-dd"/>
      </object_component>
      <object_component id="oc-45b">
         <name>.text:xTaskCheckForTimeOut</name>
         <load_address>0x29c4</load_address>
         <run_address>0x29c4</run_address>
         <size>0x54</size>
         <input_file_ref idref="fl-18"/>
      </object_component>
      <object_component id="oc-5d9">
         <name>.text:OrbitOledUpdate</name>
         <load_address>0x2a18</load_address>
         <run_address>0x2a18</run_address>
         <size>0x50</size>
         <input_file_ref idref="fl-e"/>
      </object_component>
      <object_component id="oc-5cc">
         <name>.text:Ssi3PutByte</name>
         <load_address>0x2a68</load_address>
         <run_address>0x2a68</run_address>
         <size>0x50</size>
         <input_file_ref idref="fl-e"/>
      </object_component>
      <object_component id="oc-166">
         <name>.text:xQueueCreateMutex</name>
         <load_address>0x2ab8</load_address>
         <run_address>0x2ab8</run_address>
         <size>0x4e</size>
         <input_file_ref idref="fl-17"/>
      </object_component>
      <object_component id="oc-71f">
         <name>.text</name>
         <load_address>0x2b06</load_address>
         <run_address>0x2b06</run_address>
         <size>0x2</size>
         <input_file_ref idref="fl-ee"/>
      </object_component>
      <object_component id="oc-1ce">
         <name>.text:GPIOPinConfigure</name>
         <load_address>0x2b08</load_address>
         <run_address>0x2b08</run_address>
         <size>0x4c</size>
         <input_file_ref idref="fl-f1"/>
      </object_component>
      <object_component id="oc-5a5">
         <name>.text:OrbitOledSetCursor</name>
         <load_address>0x2b54</load_address>
         <run_address>0x2b54</run_address>
         <size>0x4c</size>
         <input_file_ref idref="fl-f"/>
      </object_component>
      <object_component id="oc-27d">
         <name>.text:ReceiveTask</name>
         <load_address>0x2ba0</load_address>
         <run_address>0x2ba0</run_address>
         <size>0x4c</size>
         <input_file_ref idref="fl-3"/>
      </object_component>
      <object_component id="oc-505">
         <name>.text:prvAddCurrentTaskToDelayedList</name>
         <load_address>0x2bec</load_address>
         <run_address>0x2bec</run_address>
         <size>0x4c</size>
         <input_file_ref idref="fl-18"/>
      </object_component>
      <object_component id="oc-cd">
         <name>.text</name>
         <load_address>0x2c38</load_address>
         <run_address>0x2c38</run_address>
         <size>0x4c</size>
         <input_file_ref idref="fl-ed"/>
      </object_component>
      <object_component id="oc-236">
         <name>.text:yawIntHandler</name>
         <load_address>0x2c84</load_address>
         <run_address>0x2c84</run_address>
         <size>0x4c</size>
         <input_file_ref idref="fl-5"/>
      </object_component>
      <object_component id="oc-67f">
         <name>.text:OrbitOledMoveTo</name>
         <load_address>0x2cd0</load_address>
         <run_address>0x2cd0</run_address>
         <size>0x48</size>
         <input_file_ref idref="fl-10"/>
      </object_component>
      <object_component id="oc-567">
         <name>.text</name>
         <load_address>0x2d18</load_address>
         <run_address>0x2d18</run_address>
         <size>0x48</size>
         <input_file_ref idref="fl-e1"/>
      </object_component>
      <object_component id="oc-5ab">
         <name>.text:OrbitOledSetDrawMode</name>
         <load_address>0x2d60</load_address>
         <run_address>0x2d60</run_address>
         <size>0x44</size>
         <input_file_ref idref="fl-10"/>
      </object_component>
      <object_component id="oc-4d3">
         <name>.text:vPortFree</name>
         <load_address>0x2da4</load_address>
         <run_address>0x2da4</run_address>
         <size>0x44</size>
         <input_file_ref idref="fl-1c"/>
      </object_component>
      <object_component id="oc-47f">
         <name>.text:prvNotifyQueueSetContainer</name>
         <load_address>0x2de8</load_address>
         <run_address>0x2de8</run_address>
         <size>0x42</size>
         <input_file_ref idref="fl-17"/>
      </object_component>
      <object_component id="oc-74">
         <name>.text</name>
         <load_address>0x2e2a</load_address>
         <run_address>0x2e2a</run_address>
         <size>0x2</size>
         <input_file_ref idref="fl-e6"/>
      </object_component>
      <object_component id="oc-6ed">
         <name>.text:OrbitOledAdvanceCursor</name>
         <load_address>0x2e2c</load_address>
         <run_address>0x2e2c</run_address>
         <size>0x40</size>
         <input_file_ref idref="fl-f"/>
      </object_component>
      <object_component id="oc-31b">
         <name>.text:_GPIOIntNumberGet</name>
         <load_address>0x2e6c</load_address>
         <run_address>0x2e6c</run_address>
         <size>0x40</size>
         <input_file_ref idref="fl-f1"/>
      </object_component>
      <object_component id="oc-db">
         <name>.text:main</name>
         <load_address>0x2eac</load_address>
         <run_address>0x2eac</run_address>
         <size>0x40</size>
         <input_file_ref idref="fl-8"/>
      </object_component>
      <object_component id="oc-6df">
         <name>.text</name>
         <load_address>0x2eec</load_address>
         <run_address>0x2eec</run_address>
         <size>0x40</size>
         <input_file_ref idref="fl-e9"/>
      </object_component>
      <object_component id="oc-2cc">
         <name>.text:xPortStartScheduler</name>
         <load_address>0x2f2c</load_address>
         <run_address>0x2f2c</run_address>
         <size>0x40</size>
         <input_file_ref idref="fl-1a"/>
      </object_component>
      <object_component id="oc-366">
         <name>.text:xQueueGenericCreate</name>
         <load_address>0x2f6c</load_address>
         <run_address>0x2f6c</run_address>
         <size>0x40</size>
         <input_file_ref idref="fl-17"/>
      </object_component>
      <object_component id="oc-58c">
         <name>.text:SSIConfigSetExpClk</name>
         <load_address>0x2fac</load_address>
         <run_address>0x2fac</run_address>
         <size>0x3c</size>
         <input_file_ref idref="fl-f4"/>
      </object_component>
      <object_component id="oc-1e0">
         <name>.text:setMainPWM</name>
         <load_address>0x2fe8</load_address>
         <run_address>0x2fe8</run_address>
         <size>0x3c</size>
         <input_file_ref idref="fl-9"/>
      </object_component>
      <object_component id="oc-242">
         <name>.text:vYawSenderTask</name>
         <load_address>0x3024</load_address>
         <run_address>0x3024</run_address>
         <size>0x3c</size>
         <input_file_ref idref="fl-5"/>
      </object_component>
      <object_component id="oc-330">
         <name>.text:prvAllocateTCBAndStack</name>
         <load_address>0x3060</load_address>
         <run_address>0x3060</run_address>
         <size>0x3a</size>
         <input_file_ref idref="fl-18"/>
      </object_component>
      <object_component id="oc-d3">
         <name>.text</name>
         <load_address>0x309a</load_address>
         <run_address>0x309a</run_address>
         <size>0x2</size>
         <input_file_ref idref="fl-ef"/>
      </object_component>
      <object_component id="oc-1ec">
         <name>.text:setTailPWM</name>
         <load_address>0x309c</load_address>
         <run_address>0x309c</run_address>
         <size>0x38</size>
         <input_file_ref idref="fl-9"/>
      </object_component>
      <object_component id="oc-609">
         <name>.text:vListInsert</name>
         <load_address>0x30d4</load_address>
         <run_address>0x30d4</run_address>
         <size>0x38</size>
         <input_file_ref idref="fl-16"/>
      </object_component>
      <object_component id="oc-321">
         <name>.text:IntRegister</name>
         <load_address>0x310c</load_address>
         <run_address>0x310c</run_address>
         <size>0x34</size>
         <input_file_ref idref="fl-f2"/>
      </object_component>
      <object_component id="oc-15a">
         <name>.text:StateInit</name>
         <load_address>0x3140</load_address>
         <run_address>0x3140</run_address>
         <size>0x34</size>
         <input_file_ref idref="fl-4"/>
      </object_component>
      <object_component id="oc-1c8">
         <name>.text:SysCtlPeripheralEnable</name>
         <load_address>0x3174</load_address>
         <run_address>0x3174</run_address>
         <size>0x34</size>
         <input_file_ref idref="fl-f5"/>
      </object_component>
      <object_component id="oc-26d">
         <name>.text:vAltSenderTask</name>
         <load_address>0x31a8</load_address>
         <run_address>0x31a8</run_address>
         <size>0x34</size>
         <input_file_ref idref="fl-2"/>
      </object_component>
      <object_component id="oc-407">
         <name>.text:checkButton</name>
         <load_address>0x31dc</load_address>
         <run_address>0x31dc</run_address>
         <size>0x30</size>
         <input_file_ref idref="fl-6"/>
      </object_component>
      <object_component id="oc-43d">
         <name>.text:prvHeapInit</name>
         <load_address>0x320c</load_address>
         <run_address>0x320c</run_address>
         <size>0x30</size>
         <input_file_ref idref="fl-1c"/>
      </object_component>
      <object_component id="oc-553">
         <name>.text</name>
         <load_address>0x323c</load_address>
         <run_address>0x323c</run_address>
         <size>0x2e</size>
         <input_file_ref idref="fl-e3"/>
      </object_component>
      <object_component id="oc-f9">
         <name>.text:vApplicationStackOverflowHook</name>
         <load_address>0x326a</load_address>
         <run_address>0x326a</run_address>
         <size>0x2</size>
         <input_file_ref idref="fl-8"/>
      </object_component>
      <object_component id="oc-5c6">
         <name>.text:DelayMs</name>
         <load_address>0x326c</load_address>
         <run_address>0x326c</run_address>
         <size>0x2c</size>
         <input_file_ref idref="fl-11"/>
      </object_component>
      <object_component id="oc-2ee">
         <name>.text:GPIODirModeSet</name>
         <load_address>0x3298</load_address>
         <run_address>0x3298</run_address>
         <size>0x2c</size>
         <input_file_ref idref="fl-f1"/>
      </object_component>
      <object_component id="oc-3c5">
         <name>.text:calcDeltaT</name>
         <load_address>0x32c4</load_address>
         <run_address>0x32c4</run_address>
         <size>0x2c</size>
         <input_file_ref idref="fl-3"/>
      </object_component>
      <object_component id="oc-48">
         <name>.text:xPortSysTickHandler</name>
         <load_address>0x32f0</load_address>
         <run_address>0x32f0</run_address>
         <size>0x2c</size>
         <input_file_ref idref="fl-1a"/>
      </object_component>
      <object_component id="oc-419">
         <name>.text:altButtons</name>
         <load_address>0x331c</load_address>
         <run_address>0x331c</run_address>
         <size>0x2a</size>
         <input_file_ref idref="fl-4"/>
      </object_component>
      <object_component id="oc-6d9">
         <name>.text:ustrncpy</name>
         <load_address>0x3346</load_address>
         <run_address>0x3346</run_address>
         <size>0x2a</size>
         <input_file_ref idref="fl-1e"/>
      </object_component>
      <object_component id="oc-654">
         <name>.text:OrbitOledPutString</name>
         <load_address>0x3370</load_address>
         <run_address>0x3370</run_address>
         <size>0x28</size>
         <input_file_ref idref="fl-f"/>
      </object_component>
      <object_component id="oc-103">
         <name>.text:prvResetNextTaskUnblockTime</name>
         <load_address>0x3398</load_address>
         <run_address>0x3398</run_address>
         <size>0x28</size>
         <input_file_ref idref="fl-18"/>
      </object_component>
      <object_component id="oc-33c">
         <name>.text:pxPortInitialiseStack</name>
         <load_address>0x33c0</load_address>
         <run_address>0x33c0</run_address>
         <size>0x28</size>
         <input_file_ref idref="fl-1a"/>
      </object_component>
      <object_component id="oc-23c">
         <name>.text:yawRefHandler</name>
         <load_address>0x33e8</load_address>
         <run_address>0x33e8</run_address>
         <size>0x28</size>
         <input_file_ref idref="fl-5"/>
      </object_component>
      <object_component id="oc-522">
         <name>.text:prvCopyDataFromQueue</name>
         <load_address>0x3410</load_address>
         <run_address>0x3410</run_address>
         <size>0x26</size>
         <input_file_ref idref="fl-17"/>
      </object_component>
      <object_component id="oc-57a">
         <name>.text:DelayInit</name>
         <load_address>0x3438</load_address>
         <run_address>0x3438</run_address>
         <size>0x24</size>
         <input_file_ref idref="fl-11"/>
      </object_component>
      <object_component id="oc-1da">
         <name>.text:PWMGenConfigure</name>
         <load_address>0x345c</load_address>
         <run_address>0x345c</run_address>
         <size>0x22</size>
         <input_file_ref idref="fl-f3"/>
      </object_component>
      <object_component id="oc-35f">
         <name>.text:setYawRef</name>
         <load_address>0x3480</load_address>
         <run_address>0x3480</run_address>
         <size>0x20</size>
         <input_file_ref idref="fl-4"/>
      </object_component>
      <object_component id="oc-109">
         <name>.text:uxListRemove</name>
         <load_address>0x34a0</load_address>
         <run_address>0x34a0</run_address>
         <size>0x20</size>
         <input_file_ref idref="fl-16"/>
      </object_component>
      <object_component id="oc-41f">
         <name>.text:yawButtons</name>
         <load_address>0x34c0</load_address>
         <run_address>0x34c0</run_address>
         <size>0x20</size>
         <input_file_ref idref="fl-4"/>
      </object_component>
      <object_component id="oc-38d">
         <name>.text:ADCSequenceDataGet</name>
         <load_address>0x34e0</load_address>
         <run_address>0x34e0</run_address>
         <size>0x1e</size>
         <input_file_ref idref="fl-f0"/>
      </object_component>
      <object_component id="oc-303">
         <name>.text:PWMPulseWidthSet</name>
         <load_address>0x34fe</load_address>
         <run_address>0x34fe</run_address>
         <size>0x1e</size>
         <input_file_ref idref="fl-f3"/>
      </object_component>
      <object_component id="oc-154">
         <name>.text:OLEDInitialise</name>
         <load_address>0x351c</load_address>
         <run_address>0x351c</run_address>
         <size>0x1c</size>
         <input_file_ref idref="fl-b"/>
      </object_component>
      <object_component id="oc-542">
         <name>.text:UARTSend</name>
         <load_address>0x3538</load_address>
         <run_address>0x3538</run_address>
         <size>0x1c</size>
         <input_file_ref idref="fl-7"/>
      </object_component>
      <object_component id="oc-467">
         <name>.text:prvIsQueueFull</name>
         <load_address>0x3554</load_address>
         <run_address>0x3554</run_address>
         <size>0x1c</size>
         <input_file_ref idref="fl-17"/>
      </object_component>
      <object_component id="oc-342">
         <name>.text:vPortEnterCritical</name>
         <load_address>0x3570</load_address>
         <run_address>0x3570</run_address>
         <size>0x1c</size>
         <input_file_ref idref="fl-1a"/>
      </object_component>
      <object_component id="oc-393">
         <name>.text:calcPercent</name>
         <load_address>0x358c</load_address>
         <run_address>0x358c</run_address>
         <size>0x1a</size>
         <input_file_ref idref="fl-2"/>
      </object_component>
      <object_component id="oc-516">
         <name>.text:prvIsQueueEmpty</name>
         <load_address>0x35a6</load_address>
         <run_address>0x35a6</run_address>
         <size>0x1a</size>
         <input_file_ref idref="fl-17"/>
      </object_component>
      <object_component id="oc-533">
         <name>.text:usnprintf</name>
         <load_address>0x35c0</load_address>
         <run_address>0x35c0</run_address>
         <size>0x1a</size>
         <input_file_ref idref="fl-1e"/>
      </object_component>
      <object_component id="oc-25b">
         <name>.text:ADCProcessorTrigger</name>
         <load_address>0x35da</load_address>
         <run_address>0x35da</run_address>
         <size>0x18</size>
         <input_file_ref idref="fl-f0"/>
      </object_component>
      <object_component id="oc-21e">
         <name>.text:GPIOIntRegister</name>
         <load_address>0x35f2</load_address>
         <run_address>0x35f2</run_address>
         <size>0x18</size>
         <input_file_ref idref="fl-f1"/>
      </object_component>
      <object_component id="oc-59e">
         <name>.text:GPIOPinTypeGPIOOutput</name>
         <load_address>0x360a</load_address>
         <run_address>0x360a</run_address>
         <size>0x18</size>
         <input_file_ref idref="fl-f1"/>
      </object_component>
      <object_component id="oc-5d3">
         <name>.text:OrbitOledClearBuffer</name>
         <load_address>0x3624</load_address>
         <run_address>0x3624</run_address>
         <size>0x18</size>
         <input_file_ref idref="fl-e"/>
      </object_component>
      <object_component id="oc-12a">
         <name>.text:initClock</name>
         <load_address>0x363c</load_address>
         <run_address>0x363c</run_address>
         <size>0x18</size>
         <input_file_ref idref="fl-8"/>
      </object_component>
      <object_component id="oc-528">
         <name>.text:pvTaskIncrementMutexHeldCount</name>
         <load_address>0x3654</load_address>
         <run_address>0x3654</run_address>
         <size>0x18</size>
         <input_file_ref idref="fl-18"/>
      </object_component>
      <object_component id="oc-86">
         <name>.text</name>
         <load_address>0x366c</load_address>
         <run_address>0x366c</run_address>
         <size>0x18</size>
         <input_file_ref idref="fl-eb"/>
      </object_component>
      <object_component id="oc-10f">
         <name>.text:vListInsertEnd</name>
         <load_address>0x3684</load_address>
         <run_address>0x3684</run_address>
         <size>0x18</size>
         <input_file_ref idref="fl-16"/>
      </object_component>
      <object_component id="oc-34e">
         <name>.text:vPortExitCritical</name>
         <load_address>0x369c</load_address>
         <run_address>0x369c</run_address>
         <size>0x18</size>
         <input_file_ref idref="fl-1a"/>
      </object_component>
      <object_component id="oc-455">
         <name>.text:vTaskSetTimeOutState</name>
         <load_address>0x36b4</load_address>
         <run_address>0x36b4</run_address>
         <size>0x18</size>
         <input_file_ref idref="fl-18"/>
      </object_component>
      <object_component id="oc-1f9">
         <name>.text:GPIOPinTypeGPIOInput</name>
         <load_address>0x36cc</load_address>
         <run_address>0x36cc</run_address>
         <size>0x16</size>
         <input_file_ref idref="fl-f1"/>
      </object_component>
      <object_component id="oc-1d4">
         <name>.text:GPIOPinTypePWM</name>
         <load_address>0x36e2</load_address>
         <run_address>0x36e2</run_address>
         <size>0x16</size>
         <input_file_ref idref="fl-f1"/>
      </object_component>
      <object_component id="oc-580">
         <name>.text:GPIOPinTypeSSI</name>
         <load_address>0x36f8</load_address>
         <run_address>0x36f8</run_address>
         <size>0x16</size>
         <input_file_ref idref="fl-f1"/>
      </object_component>
      <object_component id="oc-539">
         <name>.text:OLEDStringDraw</name>
         <load_address>0x370e</load_address>
         <run_address>0x370e</run_address>
         <size>0x16</size>
         <input_file_ref idref="fl-b"/>
      </object_component>
      <object_component id="oc-2b8">
         <name>.text:vListInitialise</name>
         <load_address>0x3724</load_address>
         <run_address>0x3724</run_address>
         <size>0x16</size>
         <input_file_ref idref="fl-16"/>
      </object_component>
      <object_component id="oc-29d">
         <name>.text:OrbitOledInit</name>
         <load_address>0x373a</load_address>
         <run_address>0x373a</run_address>
         <size>0x14</size>
         <input_file_ref idref="fl-e"/>
      </object_component>
      <object_component id="oc-184">
         <name>.text</name>
         <load_address>0x3750</load_address>
         <run_address>0x3750</run_address>
         <size>0x14</size>
         <input_file_ref idref="fl-ea"/>
      </object_component>
      <object_component id="oc-48d">
         <name>.text:vPortSetupTimerInterrupt</name>
         <load_address>0x3764</load_address>
         <run_address>0x3764</run_address>
         <size>0x14</size>
         <input_file_ref idref="fl-1a"/>
      </object_component>
      <object_component id="oc-1f2">
         <name>.text:PWMOutputState</name>
         <load_address>0x3778</load_address>
         <run_address>0x3778</run_address>
         <size>0x12</size>
         <input_file_ref idref="fl-f3"/>
      </object_component>
      <object_component id="oc-61c">
         <name>.text:prvDeleteTCB</name>
         <load_address>0x378a</load_address>
         <run_address>0x378a</run_address>
         <size>0x12</size>
         <input_file_ref idref="fl-18"/>
      </object_component>
      <object_component id="oc-267">
         <name>.text:ADCIntEnable</name>
         <load_address>0x379c</load_address>
         <run_address>0x379c</run_address>
         <size>0x10</size>
         <input_file_ref idref="fl-f0"/>
      </object_component>
      <object_component id="oc-160">
         <name>.text:IntMasterEnable</name>
         <load_address>0x37ac</load_address>
         <run_address>0x37ac</run_address>
         <size>0x10</size>
         <input_file_ref idref="fl-f2"/>
      </object_component>
      <object_component id="oc-6fc">
         <name>.text:OrbitOledClampXco</name>
         <load_address>0x37bc</load_address>
         <run_address>0x37bc</run_address>
         <size>0x10</size>
         <input_file_ref idref="fl-10"/>
      </object_component>
      <object_component id="oc-702">
         <name>.text:OrbitOledClampYco</name>
         <load_address>0x37cc</load_address>
         <run_address>0x37cc</run_address>
         <size>0x10</size>
         <input_file_ref idref="fl-10"/>
      </object_component>
      <object_component id="oc-2fd">
         <name>.text:PWMGenPeriodSet</name>
         <load_address>0x37dc</load_address>
         <run_address>0x37dc</run_address>
         <size>0x10</size>
         <input_file_ref idref="fl-f3"/>
      </object_component>
      <object_component id="oc-4e1">
         <name>.text:prvTaskExitError</name>
         <load_address>0x37ec</load_address>
         <run_address>0x37ec</run_address>
         <size>0x10</size>
         <input_file_ref idref="fl-1a"/>
      </object_component>
      <object_component id="oc-437">
         <name>.text:vTaskSuspendAll</name>
         <load_address>0x37fc</load_address>
         <run_address>0x37fc</run_address>
         <size>0x10</size>
         <input_file_ref idref="fl-18"/>
      </object_component>
      <object_component id="oc-261">
         <name>.text:ADCHardwareOversampleConfigure</name>
         <load_address>0x380c</load_address>
         <run_address>0x380c</run_address>
         <size>0xe</size>
         <input_file_ref idref="fl-f0"/>
      </object_component>
      <object_component id="oc-255">
         <name>.text:ADCSequenceEnable</name>
         <load_address>0x381a</load_address>
         <run_address>0x381a</run_address>
         <size>0xe</size>
         <input_file_ref idref="fl-f0"/>
      </object_component>
      <object_component id="oc-212">
         <name>.text:GPIOIntDisable</name>
         <load_address>0x3828</load_address>
         <run_address>0x3828</run_address>
         <size>0xe</size>
         <input_file_ref idref="fl-f1"/>
      </object_component>
      <object_component id="oc-68c">
         <name>.text:OrbitOledRopSet</name>
         <load_address>0x3836</load_address>
         <run_address>0x3836</run_address>
         <size>0xe</size>
         <input_file_ref idref="fl-10"/>
      </object_component>
      <object_component id="oc-671">
         <name>.text:TimerEnable</name>
         <load_address>0x3844</load_address>
         <run_address>0x3844</run_address>
         <size>0xe</size>
         <input_file_ref idref="fl-f6"/>
      </object_component>
      <object_component id="oc-18">
         <name>.text:decompress:none</name>
         <load_address>0x3852</load_address>
         <run_address>0x3852</run_address>
         <size>0xe</size>
         <input_file_ref idref="fl-db"/>
      </object_component>
      <object_component id="oc-2ab">
         <name>.text:CPUcpsie</name>
         <load_address>0x3860</load_address>
         <run_address>0x3860</run_address>
         <size>0xc</size>
         <input_file_ref idref="fl-f8"/>
      </object_component>
      <object_component id="oc-22a">
         <name>.text:GPIOIntEnable</name>
         <load_address>0x386c</load_address>
         <run_address>0x386c</run_address>
         <size>0xc</size>
         <input_file_ref idref="fl-f1"/>
      </object_component>
      <object_component id="oc-3fa">
         <name>.text:OrbitOledClear</name>
         <load_address>0x3878</load_address>
         <run_address>0x3878</run_address>
         <size>0xc</size>
         <input_file_ref idref="fl-e"/>
      </object_component>
      <object_component id="oc-1e6">
         <name>.text:PWMGenEnable</name>
         <load_address>0x3884</load_address>
         <run_address>0x3884</run_address>
         <size>0xc</size>
         <input_file_ref idref="fl-f3"/>
      </object_component>
      <object_component id="oc-6c3">
         <name>.text:SSIDataGet</name>
         <load_address>0x3890</load_address>
         <run_address>0x3890</run_address>
         <size>0xc</size>
         <input_file_ref idref="fl-f4"/>
      </object_component>
      <object_component id="oc-1e">
         <name>.text:decompress:ZI</name>
         <load_address>0x389c</load_address>
         <run_address>0x389c</run_address>
         <size>0xc</size>
         <input_file_ref idref="fl-dc"/>
      </object_component>
      <object_component id="oc-413">
         <name>.text:getAlt</name>
         <load_address>0x38a8</load_address>
         <run_address>0x38a8</run_address>
         <size>0xc</size>
         <input_file_ref idref="fl-3"/>
      </object_component>
      <object_component id="oc-54c">
         <name>.text:getSampCnt</name>
         <load_address>0x38b4</load_address>
         <run_address>0x38b4</run_address>
         <size>0xc</size>
         <input_file_ref idref="fl-2"/>
      </object_component>
      <object_component id="oc-40d">
         <name>.text:getYaw</name>
         <load_address>0x38c0</load_address>
         <run_address>0x38c0</run_address>
         <size>0xc</size>
         <input_file_ref idref="fl-3"/>
      </object_component>
      <object_component id="oc-425">
         <name>.text:setAimAlt</name>
         <load_address>0x38cc</load_address>
         <run_address>0x38cc</run_address>
         <size>0xc</size>
         <input_file_ref idref="fl-3"/>
      </object_component>
      <object_component id="oc-42b">
         <name>.text:setAimYaw</name>
         <load_address>0x38d8</load_address>
         <run_address>0x38d8</run_address>
         <size>0xc</size>
         <input_file_ref idref="fl-3"/>
      </object_component>
      <object_component id="oc-601">
         <name>.text:vTaskMissedYield</name>
         <load_address>0x38e4</load_address>
         <run_address>0x38e4</run_address>
         <size>0xc</size>
         <input_file_ref idref="fl-18"/>
      </object_component>
      <object_component id="oc-387">
         <name>.text:xTaskGetTickCount</name>
         <load_address>0x38f0</load_address>
         <run_address>0x38f0</run_address>
         <size>0xc</size>
         <input_file_ref idref="fl-18"/>
      </object_component>
      <object_component id="oc-6bd">
         <name>.text:SSIDataPut</name>
         <load_address>0x38fc</load_address>
         <run_address>0x38fc</run_address>
         <size>0xa</size>
         <input_file_ref idref="fl-f4"/>
      </object_component>
      <object_component id="oc-592">
         <name>.text:SSIEnable</name>
         <load_address>0x3906</load_address>
         <run_address>0x3906</run_address>
         <size>0xa</size>
         <input_file_ref idref="fl-f4"/>
      </object_component>
      <object_component id="oc-6af">
         <name>.text:TimerValueGet</name>
         <load_address>0x3910</load_address>
         <run_address>0x3910</run_address>
         <size>0xa</size>
         <input_file_ref idref="fl-f6"/>
      </object_component>
      <object_component id="oc-65e">
         <name>.text:UARTCharPut</name>
         <load_address>0x391a</load_address>
         <run_address>0x391a</run_address>
         <size>0xa</size>
         <input_file_ref idref="fl-f7"/>
      </object_component>
      <object_component id="oc-698">
         <name>.text:OrbitOledRopAnd</name>
         <load_address>0x3924</load_address>
         <run_address>0x3924</run_address>
         <size>0x8</size>
         <input_file_ref idref="fl-10"/>
      </object_component>
      <object_component id="oc-69e">
         <name>.text:OrbitOledRopOr</name>
         <load_address>0x392c</load_address>
         <run_address>0x392c</run_address>
         <size>0x8</size>
         <input_file_ref idref="fl-10"/>
      </object_component>
      <object_component id="oc-692">
         <name>.text:OrbitOledRopXor</name>
         <load_address>0x3934</load_address>
         <run_address>0x3934</run_address>
         <size>0x8</size>
         <input_file_ref idref="fl-10"/>
      </object_component>
      <object_component id="oc-6b7">
         <name>.text:SSIBusy</name>
         <load_address>0x393c</load_address>
         <run_address>0x393c</run_address>
         <size>0x8</size>
         <input_file_ref idref="fl-f4"/>
      </object_component>
      <object_component id="oc-2d2">
         <name>.text:prvIdleTask</name>
         <load_address>0x3944</load_address>
         <run_address>0x3944</run_address>
         <size>0x8</size>
         <input_file_ref idref="fl-18"/>
      </object_component>
      <object_component id="oc-218">
         <name>.text:GPIOIntClear</name>
         <load_address>0x394c</load_address>
         <run_address>0x394c</run_address>
         <size>0x6</size>
         <input_file_ref idref="fl-f1"/>
      </object_component>
      <object_component id="oc-355">
         <name>.text:GPIOPinRead</name>
         <load_address>0x3952</load_address>
         <run_address>0x3952</run_address>
         <size>0x6</size>
         <input_file_ref idref="fl-f1"/>
      </object_component>
      <object_component id="oc-598">
         <name>.text:GPIOPinWrite</name>
         <load_address>0x3958</load_address>
         <run_address>0x3958</run_address>
         <size>0x6</size>
         <input_file_ref idref="fl-f1"/>
      </object_component>
      <object_component id="oc-2b">
         <name>.text:ResetISR</name>
         <load_address>0x395e</load_address>
         <run_address>0x395e</run_address>
         <size>0x6</size>
         <input_file_ref idref="fl-a"/>
      </object_component>
      <object_component id="oc-586">
         <name>.text:SSIClockSourceSet</name>
         <load_address>0x3964</load_address>
         <run_address>0x3964</run_address>
         <size>0x6</size>
         <input_file_ref idref="fl-f4"/>
      </object_component>
      <object_component id="oc-290">
         <name>.text:UARTClockSourceSet</name>
         <load_address>0x396a</load_address>
         <run_address>0x396a</run_address>
         <size>0x6</size>
         <input_file_ref idref="fl-f7"/>
      </object_component>
      <object_component id="oc-4da">
         <name>.text:vListInitialiseItem</name>
         <load_address>0x3970</load_address>
         <run_address>0x3970</run_address>
         <size>0x6</size>
         <input_file_ref idref="fl-16"/>
      </object_component>
      <object_component id="oc-7a">
         <name>.text</name>
         <load_address>0x3976</load_address>
         <run_address>0x3976</run_address>
         <size>0x4</size>
         <input_file_ref idref="fl-e7"/>
      </object_component>
      <object_component id="oc-5b6">
         <name>.const:.string:rgbOledFont0</name>
         <load_address>0x397c</load_address>
         <run_address>0x397c</run_address>
         <size>0x300</size>
         <input_file_ref idref="fl-c"/>
      </object_component>
      <object_component id="oc-4c3">
         <name>.const:g_ppui32GPIOIntMapBlizzard</name>
         <load_address>0x3c7c</load_address>
         <run_address>0x3c7c</run_address>
         <size>0xc0</size>
         <input_file_ref idref="fl-f1"/>
      </object_component>
      <object_component id="oc-4c6">
         <name>.const:g_ppui32GPIOIntMapSnowflake</name>
         <load_address>0x3d3c</load_address>
         <run_address>0x3d3c</run_address>
         <size>0xc0</size>
         <input_file_ref idref="fl-f1"/>
      </object_component>
      <object_component id="oc-2e9">
         <name>.const:g_pui32GPIOBaseAddrs</name>
         <load_address>0x3dfc</load_address>
         <run_address>0x3dfc</run_address>
         <size>0x90</size>
         <input_file_ref idref="fl-f1"/>
      </object_component>
      <object_component id="oc-4b9">
         <name>.const:g_pui32Xtals</name>
         <load_address>0x3e8c</load_address>
         <run_address>0x3e8c</run_address>
         <size>0x6c</size>
         <input_file_ref idref="fl-f5"/>
      </object_component>
      <object_component id="oc-5c1">
         <name>.const:.string:rgbFillPat</name>
         <load_address>0x3ef8</load_address>
         <run_address>0x3ef8</run_address>
         <size>0x40</size>
         <input_file_ref idref="fl-d"/>
      </object_component>
      <object_component id="oc-4cf">
         <name>.const:g_pui32EnRegs</name>
         <load_address>0x3f38</load_address>
         <run_address>0x3f38</run_address>
         <size>0x14</size>
         <input_file_ref idref="fl-f2"/>
      </object_component>
      <object_component id="oc-3dd">
         <name>.const:g_ui32UARTBase</name>
         <load_address>0x3f4c</load_address>
         <run_address>0x3f4c</run_address>
         <size>0xc</size>
         <input_file_ref idref="fl-1d"/>
      </object_component>
      <object_component id="oc-3da">
         <name>.const:g_ui32UARTPeriph</name>
         <load_address>0x3f58</load_address>
         <run_address>0x3f58</run_address>
         <size>0xc</size>
         <input_file_ref idref="fl-1d"/>
      </object_component>
      <object_component id="oc-9d">
         <name>.const</name>
         <load_address>0x3f64</load_address>
         <run_address>0x3f64</run_address>
         <size>0x4</size>
         <input_file_ref idref="fl-1a"/>
      </object_component>
      <object_component id="oc-74f">
         <name>.cinit..data.load</name>
         <load_address>0x3f68</load_address>
         <run_address>0x3f68</run_address>
         <size>0x2f</size>
      </object_component>
      <object_component id="oc-74c">
         <name>__TI_handler_table</name>
         <load_address>0x3f98</load_address>
         <run_address>0x3f98</run_address>
         <size>0xc</size>
      </object_component>
      <object_component id="oc-750">
         <name>.cinit..bss.load</name>
         <load_address>0x3fa8</load_address>
         <run_address>0x3fa8</run_address>
         <size>0x8</size>
      </object_component>
      <object_component id="oc-74e">
         <name>.cinit..vtable.load</name>
         <load_address>0x3fb0</load_address>
         <run_address>0x3fb0</run_address>
         <size>0x8</size>
      </object_component>
      <object_component id="oc-74d">
         <name>__TI_cinit_table</name>
         <load_address>0x3fb8</load_address>
         <run_address>0x3fb8</run_address>
         <size>0x18</size>
      </object_component>
      <object_component id="oc-4ca">
         <name>.vtable</name>
         <uninitialized>true</uninitialized>
         <run_address>0x20000000</run_address>
         <size>0x26c</size>
         <input_file_ref idref="fl-f2"/>
      </object_component>
      <object_component id="oc-279">
         <name>.data</name>
         <load_address>0x20007f38</load_address>
         <run_address>0x20007f38</run_address>
         <size>0x10</size>
         <input_file_ref idref="fl-2"/>
      </object_component>
      <object_component id="oc-3ab">
         <name>.data</name>
         <load_address>0x20007f20</load_address>
         <run_address>0x20007f20</run_address>
         <size>0x18</size>
         <input_file_ref idref="fl-3"/>
      </object_component>
      <object_component id="oc-431">
         <name>.data</name>
         <load_address>0x20007f54</load_address>
         <run_address>0x20007f54</run_address>
         <size>0xc</size>
         <input_file_ref idref="fl-4"/>
      </object_component>
      <object_component id="oc-35b">
         <name>.data</name>
         <load_address>0x20007f60</load_address>
         <run_address>0x20007f60</run_address>
         <size>0xc</size>
         <input_file_ref idref="fl-5"/>
      </object_component>
      <object_component id="oc-9a">
         <name>.data</name>
         <load_address>0x20007ef0</load_address>
         <run_address>0x20007ef0</run_address>
         <size>0x30</size>
         <input_file_ref idref="fl-18"/>
      </object_component>
      <object_component id="oc-493">
         <name>.data</name>
         <load_address>0x20007f84</load_address>
         <run_address>0x20007f84</run_address>
         <size>0x4</size>
         <input_file_ref idref="fl-1a"/>
      </object_component>
      <object_component id="oc-449">
         <name>.data</name>
         <load_address>0x20007f74</load_address>
         <run_address>0x20007f74</run_address>
         <size>0x8</size>
         <input_file_ref idref="fl-1c"/>
      </object_component>
      <object_component id="oc-3e0">
         <name>.data</name>
         <load_address>0x20007f7c</load_address>
         <run_address>0x20007f7c</run_address>
         <size>0x5</size>
         <input_file_ref idref="fl-1d"/>
      </object_component>
      <object_component id="oc-e3">
         <name>.data:$O1$$</name>
         <load_address>0x20007f48</load_address>
         <run_address>0x20007f48</run_address>
         <size>0xc</size>
         <input_file_ref idref="fl-dd"/>
      </object_component>
      <object_component id="oc-92">
         <name>.data</name>
         <load_address>0x20007f88</load_address>
         <run_address>0x20007f88</run_address>
         <size>0x4</size>
         <input_file_ref idref="fl-e8"/>
      </object_component>
      <object_component id="oc-e6">
         <name>.data:$O1$$</name>
         <load_address>0x20007f6c</load_address>
         <run_address>0x20007f6c</run_address>
         <size>0x8</size>
         <input_file_ref idref="fl-ea"/>
      </object_component>
      <object_component id="oc-39f">
         <name>.bss</name>
         <uninitialized>true</uninitialized>
         <run_address>0x20007c68</run_address>
         <size>0x8</size>
         <input_file_ref idref="fl-2"/>
      </object_component>
      <object_component id="oc-3c1">
         <name>.bss</name>
         <uninitialized>true</uninitialized>
         <run_address>0x20007bdc</run_address>
         <size>0x14</size>
         <input_file_ref idref="fl-3"/>
      </object_component>
      <object_component id="oc-20e">
         <name>.bss:but_state</name>
         <uninitialized>true</uninitialized>
         <run_address>0x20007c88</run_address>
         <size>0x8</size>
         <input_file_ref idref="fl-6"/>
      </object_component>
      <object_component id="oc-20b">
         <name>.bss:but_count</name>
         <uninitialized>true</uninitialized>
         <run_address>0x20007c70</run_address>
         <size>0x8</size>
         <input_file_ref idref="fl-6"/>
      </object_component>
      <object_component id="oc-208">
         <name>.bss:but_flag</name>
         <uninitialized>true</uninitialized>
         <run_address>0x20007c78</run_address>
         <size>0x8</size>
         <input_file_ref idref="fl-6"/>
      </object_component>
      <object_component id="oc-205">
         <name>.bss:but_normal</name>
         <uninitialized>true</uninitialized>
         <run_address>0x20007c80</run_address>
         <size>0x8</size>
         <input_file_ref idref="fl-6"/>
      </object_component>
      <object_component id="oc-ff">
         <name>.bss:pxReadyTasksLists</name>
         <uninitialized>true</uninitialized>
         <run_address>0x2000799c</run_address>
         <size>0x140</size>
         <input_file_ref idref="fl-18"/>
      </object_component>
      <object_component id="oc-4e9">
         <name>.bss:xDelayedTaskList1</name>
         <uninitialized>true</uninitialized>
         <run_address>0x20007bf0</run_address>
         <size>0x14</size>
         <input_file_ref idref="fl-18"/>
      </object_component>
      <object_component id="oc-4ec">
         <name>.bss:xDelayedTaskList2</name>
         <uninitialized>true</uninitialized>
         <run_address>0x20007c04</run_address>
         <size>0x14</size>
         <input_file_ref idref="fl-18"/>
      </object_component>
      <object_component id="oc-115">
         <name>.bss</name>
         <uninitialized>true</uninitialized>
         <run_address>0x20007c90</run_address>
         <size>0x8</size>
         <input_file_ref idref="fl-18"/>
      </object_component>
      <object_component id="oc-4ef">
         <name>.bss:xPendingReadyList</name>
         <uninitialized>true</uninitialized>
         <run_address>0x20007c18</run_address>
         <size>0x14</size>
         <input_file_ref idref="fl-18"/>
      </object_component>
      <object_component id="oc-4f2">
         <name>.bss:xTasksWaitingTermination</name>
         <uninitialized>true</uninitialized>
         <run_address>0x20007c40</run_address>
         <size>0x14</size>
         <input_file_ref idref="fl-18"/>
      </object_component>
      <object_component id="oc-4f5">
         <name>.bss:xSuspendedTaskList</name>
         <uninitialized>true</uninitialized>
         <run_address>0x20007c2c</run_address>
         <size>0x14</size>
         <input_file_ref idref="fl-18"/>
      </object_component>
      <object_component id="oc-5ed">
         <name>.bss:ucHeap</name>
         <uninitialized>true</uninitialized>
         <run_address>0x2000026c</run_address>
         <size>0x7530</size>
         <input_file_ref idref="fl-1c"/>
      </object_component>
      <object_component id="oc-44c">
         <name>.bss:xStart</name>
         <uninitialized>true</uninitialized>
         <run_address>0x20007ca0</run_address>
         <size>0x8</size>
         <input_file_ref idref="fl-1c"/>
      </object_component>
      <object_component id="oc-44f">
         <name>.bss:xEnd</name>
         <uninitialized>true</uninitialized>
         <run_address>0x20007c98</run_address>
         <size>0x8</size>
         <input_file_ref idref="fl-1c"/>
      </object_component>
      <object_component id="oc-548">
         <name>.common:statusStr</name>
         <uninitialized>true</uninitialized>
         <run_address>0x20007c54</run_address>
         <size>0x14</size>
      </object_component>
      <object_component id="oc-172">
         <name>.common:g_pUARTSemaphore</name>
         <uninitialized>true</uninitialized>
         <run_address>0x20007cb8</run_address>
         <size>0x4</size>
      </object_component>
      <object_component id="oc-70a">
         <name>.common:xcoOledCur</name>
         <uninitialized>true</uninitialized>
         <run_address>0x20007cdc</run_address>
         <size>0x4</size>
      </object_component>
      <object_component id="oc-70b">
         <name>.common:ycoOledCur</name>
         <uninitialized>true</uninitialized>
         <run_address>0x20007ce8</run_address>
         <size>0x4</size>
      </object_component>
      <object_component id="oc-708">
         <name>.common:pbOledCur</name>
         <uninitialized>true</uninitialized>
         <run_address>0x20007cc0</run_address>
         <size>0x4</size>
      </object_component>
      <object_component id="oc-709">
         <name>.common:bnOledCur</name>
         <uninitialized>true</uninitialized>
         <run_address>0x20007ca8</run_address>
         <size>0x4</size>
      </object_component>
      <object_component id="oc-5bf">
         <name>.common:clrOledCur</name>
         <uninitialized>true</uninitialized>
         <run_address>0x20007cec</run_address>
         <size>0x1</size>
      </object_component>
      <object_component id="oc-5c0">
         <name>.common:pbOledPatCur</name>
         <uninitialized>true</uninitialized>
         <run_address>0x20007ccc</run_address>
         <size>0x4</size>
      </object_component>
      <object_component id="oc-5c4">
         <name>.common:fOledCharUpdate</name>
         <uninitialized>true</uninitialized>
         <run_address>0x20007cb4</run_address>
         <size>0x4</size>
      </object_component>
      <object_component id="oc-5b1">
         <name>.common:dxcoOledFontCur</name>
         <uninitialized>true</uninitialized>
         <run_address>0x20007cac</run_address>
         <size>0x4</size>
      </object_component>
      <object_component id="oc-5b4">
         <name>.common:dycoOledFontCur</name>
         <uninitialized>true</uninitialized>
         <run_address>0x20007cb0</run_address>
         <size>0x4</size>
      </object_component>
      <object_component id="oc-5b5">
         <name>.common:pbOledFontCur</name>
         <uninitialized>true</uninitialized>
         <run_address>0x20007cc4</run_address>
         <size>0x4</size>
      </object_component>
      <object_component id="oc-5b9">
         <name>.common:pbOledFontUser</name>
         <uninitialized>true</uninitialized>
         <run_address>0x20007cc8</run_address>
         <size>0x4</size>
      </object_component>
      <object_component id="oc-6ca">
         <name>.common:rgbOledBmp</name>
         <uninitialized>true</uninitialized>
         <run_address>0x2000779c</run_address>
         <size>0x200</size>
      </object_component>
      <object_component id="oc-685">
         <name>.common:xchOledCur</name>
         <uninitialized>true</uninitialized>
         <run_address>0x20007cd4</run_address>
         <size>0x4</size>
      </object_component>
      <object_component id="oc-686">
         <name>.common:ychOledCur</name>
         <uninitialized>true</uninitialized>
         <run_address>0x20007ce0</run_address>
         <size>0x4</size>
      </object_component>
      <object_component id="oc-5bd">
         <name>.common:xchOledMax</name>
         <uninitialized>true</uninitialized>
         <run_address>0x20007cd8</run_address>
         <size>0x4</size>
      </object_component>
      <object_component id="oc-5be">
         <name>.common:ychOledMax</name>
         <uninitialized>true</uninitialized>
         <run_address>0x20007ce4</run_address>
         <size>0x4</size>
      </object_component>
      <object_component id="oc-5ba">
         <name>.common:rgbOledFontUser</name>
         <uninitialized>true</uninitialized>
         <run_address>0x20007adc</run_address>
         <size>0x100</size>
      </object_component>
      <object_component id="oc-68b">
         <name>.common:pfnDoRop</name>
         <uninitialized>true</uninitialized>
         <run_address>0x20007cd0</run_address>
         <size>0x4</size>
      </object_component>
      <object_component id="oc-688">
         <name>.common:modOledCur</name>
         <uninitialized>true</uninitialized>
         <run_address>0x20007cbc</run_address>
         <size>0x4</size>
      </object_component>
      <object_component id="oc-2a">
         <name>.stack</name>
         <uninitialized>true</uninitialized>
         <run_address>0x20007cf0</run_address>
         <size>0x0</size>
         <input_file_ref idref="fl-d9"/>
      </object_component>
      <object_component id="oc-751">
         <name>.stack</name>
         <uninitialized>true</uninitialized>
         <run_address>0x20007cf0</run_address>
         <size>0x0</size>
      </object_component>
      <object_component id="oc-2e3">
         <name>.debug_info</name>
         <load_address>0x0</load_address>
         <run_address>0x0</run_address>
         <size>0x6af</size>
         <input_file_ref idref="fl-2"/>
      </object_component>
      <object_component id="oc-27a">
         <name>.debug_info</name>
         <load_address>0x6af</load_address>
         <run_address>0x6af</run_address>
         <size>0x13e</size>
         <input_file_ref idref="fl-2"/>
      </object_component>
      <object_component id="oc-3a0">
         <name>.debug_info</name>
         <load_address>0x7ed</load_address>
         <run_address>0x7ed</run_address>
         <size>0xf0</size>
         <input_file_ref idref="fl-2"/>
      </object_component>
      <object_component id="oc-26e">
         <name>.debug_info</name>
         <load_address>0x8dd</load_address>
[...]
      <symbol id="sm-793">
         <name>vTaskSuspendAll</name>
         <value>0x37fd</value>
         <object_component_ref idref="oc-437"/>
      </symbol>
      <symbol id="sm-794">
         <name>vTaskPriorityInherit</name>
         <value>0x1c0d</value>
         <object_component_ref idref="oc-51c"/>
      </symbol>
      <symbol id="sm-795">
         <name>vTaskPlaceOnEventList</name>
         <value>0x2419</value>
         <object_component_ref idref="oc-46d"/>
      </symbol>
      <symbol id="sm-796">
         <name>xTaskCheckForTimeOut</name>
         <value>0x29c5</value>
         <object_component_ref idref="oc-45b"/>
      </symbol>
      <symbol id="sm-797">
         <name>xTaskPriorityDisinherit</name>
         <value>0x202d</value>
         <object_component_ref idref="oc-610"/>
      </symbol>
      <symbol id="sm-798">
         <name>vTaskStartScheduler</name>
         <value>0x25fd</value>
         <object_component_ref idref="oc-16c"/>
      </symbol>
      <symbol id="sm-799">
         <name>pvTaskIncrementMutexHeldCount</name>
         <value>0x3655</value>
         <object_component_ref idref="oc-528"/>
      </symbol>
      <symbol id="sm-79a">
         <name>vTaskDelayUntil</name>
         <value>0x1e31</value>
         <object_component_ref idref="oc-399"/>
      </symbol>
      <symbol id="sm-79b">
         <name>vTaskMissedYield</name>
         <value>0x38e5</value>
         <object_component_ref idref="oc-601"/>
      </symbol>
      <symbol id="sm-79c">
         <name>xTaskResumeAll</name>
         <value>0x1485</value>
         <object_component_ref idref="oc-443"/>
      </symbol>
      <symbol id="sm-79d">
         <name>xTaskGetTickCount</name>
         <value>0x38f1</value>
         <object_component_ref idref="oc-387"/>
      </symbol>
      <symbol id="sm-79e">
         <name>xTaskGenericCreate</name>
         <value>0xfad</value>
         <object_component_ref idref="oc-230"/>
      </symbol>
      <symbol id="sm-79f">
         <name>pxCurrentTCB</name>
         <value>0x20007ef0</value>
         <object_component_ref idref="oc-9a"/>
      </symbol>
      <symbol id="sm-7a0">
         <name>vTaskSetTimeOutState</name>
         <value>0x36b5</value>
         <object_component_ref idref="oc-455"/>
      </symbol>
      <symbol id="sm-7a1">
         <name>xTaskIncrementTick</name>
         <value>0xea9</value>
         <object_component_ref idref="oc-a7"/>
      </symbol>
      <symbol id="sm-7a2">
         <name>vTaskSwitchContext</name>
         <value>0x1c9d</value>
         <object_component_ref idref="oc-a0"/>
      </symbol>
      <symbol id="sm-7a3">
         <name>xTaskRemoveFromEventList</name>
         <value>0x211d</value>
         <object_component_ref idref="oc-479"/>
      </symbol>
      <symbol id="sm-7fe">
         <name>ulMaxSyscallInterruptPriority</name>
         <value>0x3f64</value>
         <object_component_ref idref="oc-9d"/>
      </symbol>
      <symbol id="sm-7ff">
         <name>vPortSetupTimerInterrupt</name>
         <value>0x3765</value>
         <object_component_ref idref="oc-48d"/>
      </symbol>
      <symbol id="sm-800">
         <name>xPortSysTickHandler</name>
         <value>0x32f1</value>
         <object_component_ref idref="oc-48"/>
      </symbol>
      <symbol id="sm-801">
         <name>pxPortInitialiseStack</name>
         <value>0x33c1</value>
         <object_component_ref idref="oc-33c"/>
      </symbol>
      <symbol id="sm-802">
         <name>vPortExitCritical</name>
         <value>0x369d</value>
         <object_component_ref idref="oc-34e"/>
      </symbol>
      <symbol id="sm-803">
         <name>xPortStartScheduler</name>
         <value>0x2f2d</value>
         <object_component_ref idref="oc-2cc"/>
      </symbol>
      <symbol id="sm-804">
         <name>vPortEnterCritical</name>
         <value>0x3571</value>
         <object_component_ref idref="oc-342"/>
      </symbol>
      <symbol id="sm-813">
         <name>vPortStartFirstTask</name>
         <value>0x1611</value>
         <object_component_ref idref="oc-43"/>
      </symbol>
      <symbol id="sm-814">
         <name>ulPortGetIPSR</name>
         <value>0x1579</value>
         <object_component_ref idref="oc-43"/>
      </symbol>
      <symbol id="sm-815">
         <name>vPortEnableVFP</name>
         <value>0x162d</value>
         <object_component_ref idref="oc-43"/>
      </symbol>
      <symbol id="sm-816">
         <name>xPortPendSVHandler</name>
         <value>0x1591</value>
         <object_component_ref idref="oc-43"/>
      </symbol>
      <symbol id="sm-817">
         <name>vPortSVCHandler</name>
         <value>0x15f1</value>
         <object_component_ref idref="oc-43"/>
      </symbol>
      <symbol id="sm-86c">
         <name>pvPortMalloc</name>
         <value>0x1865</value>
         <object_component_ref idref="oc-2b2"/>
      </symbol>
      <symbol id="sm-86d">
         <name>vPortFree</name>
         <value>0x2da5</value>
         <object_component_ref idref="oc-4d3"/>
      </symbol>
      <symbol id="sm-89b">
         <name>UARTStdioConfig</name>
         <value>0x253d</value>
         <object_component_ref idref="oc-296"/>
      </symbol>
      <symbol id="sm-8e3">
         <name>uvsnprintf</name>
         <value>0x26d</value>
         <object_component_ref idref="oc-642"/>
      </symbol>
      <symbol id="sm-8e4">
         <name>ustrncpy</name>
         <value>0x3347</value>
         <object_component_ref idref="oc-6d9"/>
      </symbol>
      <symbol id="sm-8e5">
         <name>usnprintf</name>
         <value>0x35c1</value>
         <object_component_ref idref="oc-533"/>
      </symbol>
      <symbol id="sm-8f6">
         <name>_c_int00</name>
         <value>0x291d</value>
         <object_component_ref idref="oc-24"/>
      </symbol>
      <symbol id="sm-8f7">
         <name>__stack</name>
         <value>0x20007cf0</value>
         <object_component_ref idref="oc-2a"/>
      </symbol>
      <symbol id="sm-915">
         <name>__TI_decompress_lzss</name>
         <value>0x234d</value>
         <object_component_ref idref="oc-12"/>
      </symbol>
      <symbol id="sm-92c">
         <name>__TI_decompress_none</name>
         <value>0x3853</value>
         <object_component_ref idref="oc-18"/>
      </symbol>
      <symbol id="sm-943">
         <name>__TI_zero_init</name>
         <value>0x389d</value>
         <object_component_ref idref="oc-1e"/>
      </symbol>
      <symbol id="sm-964">
         <name>C$$EXIT</name>
         <value>0x2971</value>
         <object_component_ref idref="oc-8c"/>
      </symbol>
      <symbol id="sm-965">
         <name>abort</name>
         <value>0x2975</value>
         <object_component_ref idref="oc-8c"/>
      </symbol>
      <symbol id="sm-966">
         <name>exit</name>
         <value>0x297d</value>
         <object_component_ref idref="oc-8c"/>
      </symbol>
      <symbol id="sm-967">
         <name>__TI_dtors_ptr</name>
         <value>0x20007f4c</value>
         <object_component_ref idref="oc-e3"/>
      </symbol>
      <symbol id="sm-968">
         <name>__TI_cleanup_ptr</name>
         <value>0x20007f48</value>
         <object_component_ref idref="oc-e3"/>
      </symbol>
      <symbol id="sm-969">
         <name>__TI_enable_exit_profile_output</name>
         <value>0x20007f50</value>
         <object_component_ref idref="oc-e3"/>
      </symbol>
      <symbol id="sm-980">
         <name>__aeabi_dsub</name>
         <value>0x4bf</value>
         <object_component_ref idref="oc-55d"/>
      </symbol>
      <symbol id="sm-981">
         <name>__aeabi_dadd</name>
         <value>0x4c9</value>
         <object_component_ref idref="oc-55d"/>
      </symbol>
      <symbol id="sm-995">
         <name>__aeabi_ddiv</name>
         <value>0x805</value>
         <object_component_ref idref="oc-562"/>
      </symbol>
      <symbol id="sm-9a0">
         <name>__aeabi_dmul</name>
         <value>0x10ad</value>
         <object_component_ref idref="oc-558"/>
      </symbol>
      <symbol id="sm-9aa">
         <name>__aeabi_d2iz</name>
         <value>0x2d19</value>
         <object_component_ref idref="oc-567"/>
      </symbol>
      <symbol id="sm-9b5">
         <name>__aeabi_i2d</name>
         <value>0x323d</value>
         <object_component_ref idref="oc-553"/>
      </symbol>
      <symbol id="sm-9d0">
         <name>memcpy</name>
         <value>0x19b9</value>
         <object_component_ref idref="oc-5c"/>
      </symbol>
      <symbol id="sm-9d1">
         <name>__aeabi_memcpy</name>
         <value>0x19b9</value>
         <object_component_ref idref="oc-5c"/>
      </symbol>
      <symbol id="sm-9d2">
         <name>__aeabi_memcpy8</name>
         <value>0x19b9</value>
         <object_component_ref idref="oc-5c"/>
      </symbol>
      <symbol id="sm-9d3">
         <name>__aeabi_memcpy4</name>
         <value>0x19b9</value>
         <object_component_ref idref="oc-5c"/>
      </symbol>
      <symbol id="sm-9e2">
         <name>__aeabi_memset</name>
         <value>0x1fb5</value>
         <object_component_ref idref="oc-68"/>
      </symbol>
      <symbol id="sm-9e3">
         <name>memset</name>
         <value>0x1fbb</value>
         <object_component_ref idref="oc-68"/>
      </symbol>
      <symbol id="sm-9e4">
         <name>__aeabi_memset8</name>
         <value>0x1fb5</value>
         <object_component_ref idref="oc-68"/>
      </symbol>
      <symbol id="sm-9e5">
         <name>__aeabi_memset4</name>
         <value>0x1fb5</value>
         <object_component_ref idref="oc-68"/>
      </symbol>
      <symbol id="sm-9e6">
         <name>__aeabi_memclr8</name>
         <value>0x1fb3</value>
         <object_component_ref idref="oc-68"/>
      </symbol>
      <symbol id="sm-9e7">
         <name>__aeabi_memclr4</name>
         <value>0x1fb3</value>
         <object_component_ref idref="oc-68"/>
      </symbol>
      <symbol id="sm-9e8">
         <name>__aeabi_memclr</name>
         <value>0x1fb3</value>
         <object_component_ref idref="oc-68"/>
      </symbol>
      <symbol id="sm-9f2">
         <name>__mpu_init</name>
         <value>0x2e2b</value>
         <object_component_ref idref="oc-74"/>
      </symbol>
      <symbol id="sm-9fc">
         <name>_system_pre_init</name>
         <value>0x3977</value>
         <object_component_ref idref="oc-7a"/>
      </symbol>
      <symbol id="sm-a04">
         <name>main_func_sp</name>
         <value>0x20007f88</value>
         <object_component_ref idref="oc-92"/>
      </symbol>
      <symbol id="sm-a13">
         <name>__aeabi_uidivmod</name>
         <value>0x2eed</value>
         <object_component_ref idref="oc-6df"/>
      </symbol>
      <symbol id="sm-a14">
         <name>__aeabi_uidiv</name>
         <value>0x2eed</value>
         <object_component_ref idref="oc-6df"/>
      </symbol>
      <symbol id="sm-a2d">
         <name>_nop</name>
         <value>0x375f</value>
         <object_component_ref idref="oc-184"/>
      </symbol>
      <symbol id="sm-a2e">
         <name>_lock</name>
         <value>0x20007f6c</value>
         <object_component_ref idref="oc-e6"/>
      </symbol>
      <symbol id="sm-a2f">
         <name>_unlock</name>
         <value>0x20007f70</value>
         <object_component_ref idref="oc-e6"/>
      </symbol>
      <symbol id="sm-a30">
         <name>_register_lock</name>
         <value>0x3757</value>
         <object_component_ref idref="oc-184"/>
      </symbol>
      <symbol id="sm-a31">
         <name>_register_unlock</name>
         <value>0x3751</value>
         <object_component_ref idref="oc-184"/>
      </symbol>
      <symbol id="sm-a45">
         <name>_args_main</name>
         <value>0x366d</value>
         <object_component_ref idref="oc-86"/>
      </symbol>
      <symbol id="sm-a6f">
         <name>__TI_auto_init</name>
         <value>0x2275</value>
         <object_component_ref idref="oc-80"/>
      </symbol>
      <symbol id="sm-a89">
         <name>copy_in</name>
         <value>0x2c39</value>
         <object_component_ref idref="oc-cd"/>
      </symbol>
      <symbol id="sm-a93">
         <name>__aeabi_idiv0</name>
         <value>0x2b07</value>
         <object_component_ref idref="oc-71f"/>
      </symbol>
      <symbol id="sm-a9d">
         <name>_system_post_cinit</name>
         <value>0x309b</value>
         <object_component_ref idref="oc-d3"/>
      </symbol>
      <symbol id="sm-ae4">
         <name>ADCProcessorTrigger</name>
         <value>0x35db</value>
         <object_component_ref idref="oc-25b"/>
      </symbol>
      <symbol id="sm-ae5">
         <name>ADCSequenceEnable</name>
         <value>0x381b</value>
         <object_component_ref idref="oc-255"/>
      </symbol>
      <symbol id="sm-ae6">
         <name>ADCSequenceConfigure</name>
         <value>0x2715</value>
         <object_component_ref idref="oc-249"/>
      </symbol>
      <symbol id="sm-ae7">
         <name>ADCIntEnable</name>
         <value>0x379d</value>
         <object_component_ref idref="oc-267"/>
      </symbol>
      <symbol id="sm-ae8">
         <name>ADCSequenceStepConfigure</name>
         <value>0x1f39</value>
         <object_component_ref idref="oc-24f"/>
      </symbol>
      <symbol id="sm-ae9">
         <name>ADCHardwareOversampleConfigure</name>
         <value>0x380d</value>
         <object_component_ref idref="oc-261"/>
      </symbol>
      <symbol id="sm-aea">
         <name>ADCSequenceDataGet</name>
         <value>0x34e1</value>
         <object_component_ref idref="oc-38d"/>
      </symbol>
      <symbol id="sm-b8c">
         <name>GPIOPinTypePWM</name>
         <value>0x36e3</value>
         <object_component_ref idref="oc-1d4"/>
      </symbol>
      <symbol id="sm-b8d">
         <name>GPIOIntRegister</name>
         <value>0x35f3</value>
         <object_component_ref idref="oc-21e"/>
      </symbol>
      <symbol id="sm-b8e">
         <name>GPIOPinConfigure</name>
         <value>0x2b09</value>
         <object_component_ref idref="oc-1ce"/>
      </symbol>
      <symbol id="sm-b8f">
         <name>GPIOIntDisable</name>
         <value>0x3829</value>
         <object_component_ref idref="oc-212"/>
      </symbol>
      <symbol id="sm-b90">
         <name>GPIOIntEnable</name>
         <value>0x386d</value>
         <object_component_ref idref="oc-22a"/>
      </symbol>
      <symbol id="sm-b91">
         <name>GPIOIntTypeSet</name>
         <value>0x276d</value>
         <object_component_ref idref="oc-224"/>
      </symbol>
      <symbol id="sm-b92">
         <name>GPIOPinTypeGPIOInput</name>
         <value>0x36cd</value>
         <object_component_ref idref="oc-1f9"/>
      </symbol>
      <symbol id="sm-b93">
         <name>GPIOIntClear</name>
         <value>0x394d</value>
         <object_component_ref idref="oc-218"/>
      </symbol>
      <symbol id="sm-b94">
         <name>GPIOPinTypeGPIOOutput</name>
         <value>0x360b</value>
         <object_component_ref idref="oc-59e"/>
      </symbol>
      <symbol id="sm-b95">
         <name>GPIOPinRead</name>
         <value>0x3953</value>
         <object_component_ref idref="oc-355"/>
      </symbol>
      <symbol id="sm-b96">
         <name>GPIODirModeSet</name>
         <value>0x3299</value>
         <object_component_ref idref="oc-2ee"/>
      </symbol>
      <symbol id="sm-b97">
         <name>GPIOPinWrite</name>
         <value>0x3959</value>
         <object_component_ref idref="oc-598"/>
      </symbol>
      <symbol id="sm-b98">
         <name>GPIOPadConfigSet</name>
         <value>0x93b</value>
         <object_component_ref idref="oc-1ff"/>
      </symbol>
      <symbol id="sm-b99">
         <name>GPIOPinTypeSSI</name>
         <value>0x36f9</value>
         <object_component_ref idref="oc-580"/>
      </symbol>
      <symbol id="sm-bd3">
         <name>IntEnable</name>
         <value>0x22e5</value>
         <object_component_ref idref="oc-327"/>
      </symbol>
      <symbol id="sm-bd4">
         <name>IntRegister</name>
         <value>0x310d</value>
         <object_component_ref idref="oc-321"/>
      </symbol>
      <symbol id="sm-bd5">
         <name>g_pfnRAMVectors</name>
         <value>0x20000000</value>
         <object_component_ref idref="oc-4ca"/>
      </symbol>
      <symbol id="sm-bd6">
         <name>IntMasterEnable</name>
         <value>0x37ad</value>
         <object_component_ref idref="oc-160"/>
      </symbol>
      <symbol id="sm-c03">
         <name>PWMGenPeriodSet</name>
         <value>0x37dd</value>
         <object_component_ref idref="oc-2fd"/>
      </symbol>
      <symbol id="sm-c04">
         <name>PWMPulseWidthSet</name>
         <value>0x34ff</value>
         <object_component_ref idref="oc-303"/>
      </symbol>
      <symbol id="sm-c05">
         <name>PWMOutputState</name>
         <value>0x3779</value>
         <object_component_ref idref="oc-1f2"/>
      </symbol>
      <symbol id="sm-c06">
         <name>PWMGenEnable</name>
         <value>0x3885</value>
         <object_component_ref idref="oc-1e6"/>
      </symbol>
      <symbol id="sm-c07">
         <name>PWMGenConfigure</name>
         <value>0x345d</value>
         <object_component_ref idref="oc-1da"/>
      </symbol>
      <symbol id="sm-c3f">
         <name>SSIDataPut</name>
         <value>0x38fd</value>
         <object_component_ref idref="oc-6bd"/>
      </symbol>
      <symbol id="sm-c40">
         <name>SSIDataGet</name>
         <value>0x3891</value>
         <object_component_ref idref="oc-6c3"/>
      </symbol>
      <symbol id="sm-c41">
         <name>SSIConfigSetExpClk</name>
         <value>0x2fad</value>
         <object_component_ref idref="oc-58c"/>
      </symbol>
      <symbol id="sm-c42">
         <name>SSIEnable</name>
         <value>0x3907</value>
         <object_component_ref idref="oc-592"/>
      </symbol>
      <symbol id="sm-c43">
         <name>SSIClockSourceSet</name>
         <value>0x3965</value>
         <object_component_ref idref="oc-586"/>
      </symbol>
      <symbol id="sm-c44">
         <name>SSIBusy</name>
         <value>0x393d</value>
         <object_component_ref idref="oc-6b7"/>
      </symbol>
      <symbol id="sm-c7d">
         <name>SysCtlPeripheralEnable</name>
         <value>0x3175</value>
         <object_component_ref idref="oc-1c8"/>
      </symbol>
      <symbol id="sm-c7e">
         <name>SysCtlClockGet</name>
         <value>0xb85</value>
         <object_component_ref idref="oc-2f7"/>
      </symbol>
      <symbol id="sm-ca2">
         <name>TimerEnable</name>
         <value>0x3845</value>
         <object_component_ref idref="oc-671"/>
      </symbol>
      <symbol id="sm-ca3">
         <name>TimerValueGet</name>
         <value>0x3911</value>
         <object_component_ref idref="oc-6af"/>
      </symbol>
      <symbol id="sm-ca4">
         <name>TimerConfigure</name>
         <value>0x24dd</value>
         <object_component_ref idref="oc-66b"/>
      </symbol>
      <symbol id="sm-cba">
         <name>UARTClockSourceSet</name>
         <value>0x396b</value>
         <object_component_ref idref="oc-290"/>
      </symbol>
      <symbol id="sm-cbb">
         <name>UARTCharPut</name>
         <value>0x391b</value>
         <object_component_ref idref="oc-65e"/>
      </symbol>
      <symbol id="sm-cc5">
         <name>CPUcpsie</name>
         <value>0x3861</value>
         <object_component_ref idref="oc-2ab"/>
      </symbol>
      <symbol id="sm-cc6">
         <name>__TI_static_base__</name>
         <value>0x0</value>
      </symbol>
      <symbol id="sm-cc9">
         <name>SHT$$INIT_ARRAY$$Limit</name>
         <value>0x0</value>
      </symbol>
      <symbol id="sm-cca">
         <name>SHT$$INIT_ARRAY$$Base</name>
         <value>0x0</value>
      </symbol>
      <symbol id="sm-ccb">
         <name>initDisplay</name>
         <value>0x351d</value>
      </symbol>
   </symbol_table>
   <title>Link successful</title>
</link_info>
