******************************************************************************
                  TI ARM Linker PC v16.9.6                     
******************************************************************************
>> Linked Mon Aug 19 21:19:37 2019

OUTPUT FILE NAME:   <freertos_demo.out>
ENTRY POINT SYMBOL: "_c_int00"  address: 00001d3d


MEMORY CONFIGURATION

         name            origin    length      used     unused   attr    fill
----------------------  --------  ---------  --------  --------  ----  --------
  FLASH                 00000000   00040000  000026d2  0003d92e  R  X
  SRAM                  20000000   00008000  00007975  0000068b  RW X


SEGMENT ALLOCATION MAP

run origin  load origin   length   init length attrs members
----------  ----------- ---------- ----------- ----- -------
00000000    00000000    000026d8   000026d8    r-x
  00000000    00000000    0000026c   0000026c    r-- .intvecs
  0000026c    0000026c    00002306   00002306    r-x .text
  00002574    00002574    00000118   00000118    r-- .const
  00002690    00002690    00000048   00000048    r-- .cinit
20000000    20000000    00007978   00000000    rw-
  20000000    20000000    00007701   00000000    rw- .bss
  20007704    20007704    00000200   00000000    rw- .stack
  20007904    20007904    0000006c   00000000    rw- .data
  20007970    20007970    00000008   00000000    rw- .sysmem


SECTION ALLOCATION MAP

 output                                  attributes/
section   page    origin      length       input sections
--------  ----  ----------  ----------   ----------------
.intvecs   0    00000000    0000026c     
                  00000000    0000026c     startup_ccs.obj (.intvecs)

.text      0    0000026c    00002306     
                  0000026c    000001ea     uartstdio.obj (.text:UARTvprintf)
                  00000456    00000132     driverlib.lib : gpio.obj (.text:GPIOPadConfigSet)
                  00000588    0000011c     led_task.obj (.text:LEDTask)
                  000006a4    00000118     queue.obj (.text:xQueueGenericReceive)
                  000007bc    00000110     driverlib.lib : sysctl.obj (.text:SysCtlClockGet)
                  000008cc    00000104     rgb.obj (.text:RGBInit)
                  000009d0    00000104     tasks.obj (.text:xTaskIncrementTick)
                  00000ad4    00000100     tasks.obj (.text:xTaskGenericCreate)
                  00000bd4    000000fc     switch_task.obj (.text:SwitchTask)
                  00000cd0    000000e8     queue.obj (.text:xQueueGenericSend)
                  00000db8    000000e4     tasks.obj (.text:xTaskResumeAll)
                  00000e9c    000000d4     led_task.obj (.text:LEDTaskInit)
                  00000f70    000000d2     portasm.obj (.text)
                  00001042    00000002     startup_ccs.obj (.text:FaultISR)
                  00001044    000000c0     pwmGen.obj (.text:PWMinit)
                  00001104    000000c0     rgb.obj (.text:RGBEnable)
                  000011c4    000000ac     heap_2.obj (.text:pvPortMalloc)
                  00001270    0000009c     rtsv7M4_T_le_v4SPD16_eabi.lib : memcpy_t2.obj (.text)
                  0000130c    00000090     rgb.obj (.text:RGBColorSet)
                  0000139c    00000090     tasks.obj (.text:vTaskPriorityInherit)
                  0000142c    0000008c     buttons.obj (.text:ButtonsPoll)
                  000014b8    0000008c     tasks.obj (.text:vTaskSwitchContext)
                  00001544    00000084     tasks.obj (.text:vTaskDelayUntil)
                  000015c8    00000084     queue.obj (.text:xQueueGenericReset)
                  0000164c    0000007a     rtsv7M4_T_le_v4SPD16_eabi.lib : memset_t2.obj (.text)
                  000016c6    00000002     startup_ccs.obj (.text:IntDefaultHandler)
                  000016c8    00000078     tasks.obj (.text:xTaskPriorityDisinherit)
                  00001740    00000074     freertos_demo.obj (.text:main)
                  000017b4    00000074     tasks.obj (.text:xTaskRemoveFromEventList)
                  00001828    00000072     queue.obj (.text:prvCopyDataToQueue)
                  0000189a    00000002     startup_ccs.obj (.text:NmiSR)
                  0000189c    00000070     rtsv7M4_T_le_v4SPD16_eabi.lib : autoinit.obj (.text)
                  0000190c    00000068     buttons.obj (.text:ButtonsInit)
                  00001974    00000068     rgb.obj (.text:RGBDisable)
                  000019dc    00000068     rtsv7M4_T_le_v4SPD16_eabi.lib : copy_decompress_lzss.obj (.text:decompress:lzss)
                  00001a44    00000064     freertos_demo.obj (.text:ConfigureUART)
                  00001aa8    00000064     tasks.obj (.text:vTaskPlaceOnEventList)
                  00001b0c    00000062     queue.obj (.text:prvUnlockQueue)
                  00001b6e    00000002     rtsv7M4_T_le_v4SPD16_eabi.lib : i_div0.obj (.text)
                  00001b70    00000060     uartstdio.obj (.text:UARTStdioConfig)
                  00001bd0    00000060     tasks.obj (.text:prvInitialiseTaskLists)
                  00001c30    00000060     tasks.obj (.text:vTaskStartScheduler)
                  00001c90    00000058     tasks.obj (.text:prvCheckTasksWaitingTermination)
                  00001ce8    00000054     tasks.obj (.text:prvInitialiseTCBVariables)
                  00001d3c    00000054     rtsv7M4_T_le_v4SPD16_eabi.lib : boot.obj (.text)
                  00001d90    00000054                                   : exit.obj (.text)
                  00001de4    00000054     tasks.obj (.text:xTaskCheckForTimeOut)
                  00001e38    0000004c     driverlib.lib : gpio.obj (.text:GPIOPinConfigure)
                  00001e84    0000004c     tasks.obj (.text:prvAddCurrentTaskToDelayedList)
                  00001ed0    0000004c     rtsv7M4_T_le_v4SPD16_eabi.lib : cpy_tbl.obj (.text)
                  00001f1c    0000004c     queue.obj (.text:xQueueCreateMutex)
                  00001f68    00000048     switch_task.obj (.text:SwitchTaskInit)
                  00001fb0    00000048     uartstdio.obj (.text:UARTwrite)
                  00001ff8    00000044     heap_2.obj (.text:vPortFree)
                  0000203c    00000040     rtsv7M4_T_le_v4SPD16_eabi.lib : u_divt2.obj (.text)
                  0000207c    00000040     port.obj (.text:xPortStartScheduler)
                  000020bc    0000003c     pwmGen.obj (.text:setMainPWM)
                  000020f8    0000003c     queue.obj (.text:xQueueGenericCreate)
                  00002134    0000003a     tasks.obj (.text:prvAllocateTCBAndStack)
                  0000216e    00000002     rtsv7M4_T_le_v4SPD16_eabi.lib : mpu_init.obj (.text)
                  00002170    00000038     pwmGen.obj (.text:setTailPWM)
                  000021a8    00000038     list.obj (.text:vListInsert)
                  000021e0    00000034     driverlib.lib : sysctl.obj (.text:SysCtlPeripheralEnable)
                  00002214    00000030     heap_2.obj (.text:prvHeapInit)
                  00002244    0000002c     driverlib.lib : gpio.obj (.text:GPIODirModeSet)
                  00002270    0000002c     port.obj (.text:xPortSysTickHandler)
                  0000229c    00000028     tasks.obj (.text:prvResetNextTaskUnblockTime)
                  000022c4    00000028     port.obj (.text:pxPortInitialiseStack)
                  000022ec    00000026     queue.obj (.text:prvCopyDataFromQueue)
                  00002312    00000022     driverlib.lib : pwm.obj (.text:PWMGenConfigure)
                  00002334    00000020     list.obj (.text:uxListRemove)
                  00002354    0000001e     driverlib.lib : pwm.obj (.text:PWMPulseWidthSet)
                  00002372    0000001c     queue.obj (.text:prvIsQueueFull)
                  0000238e    00000002     rtsv7M4_T_le_v4SPD16_eabi.lib : startup.obj (.text)
                  00002390    0000001c     port.obj (.text:vPortEnterCritical)
                  000023ac    0000001a     uartstdio.obj (.text:UARTprintf)
                  000023c6    0000001a     queue.obj (.text:prvIsQueueEmpty)
                  000023e0    00000018     tasks.obj (.text:pvTaskIncrementMutexHeldCount)
                  000023f8    00000018     rtsv7M4_T_le_v4SPD16_eabi.lib : args_main.obj (.text)
                  00002410    00000018     list.obj (.text:vListInsertEnd)
                  00002428    00000018     port.obj (.text:vPortExitCritical)
                  00002440    00000018     tasks.obj (.text:vTaskSetTimeOutState)
                  00002458    00000016     driverlib.lib : gpio.obj (.text:GPIOPinTypePWM)
                  0000246e    00000016     list.obj (.text:vListInitialise)
                  00002484    00000014     rgb.obj (.text:RGBIntensitySet)
                  00002498    00000014     rtsv7M4_T_le_v4SPD16_eabi.lib : _lock.obj (.text)
                  000024ac    00000014     port.obj (.text:vPortSetupTimerInterrupt)
                  000024c0    00000012     driverlib.lib : pwm.obj (.text:PWMOutputState)
                  000024d2    00000012     tasks.obj (.text:prvDeleteTCB)
                  000024e4    00000010     driverlib.lib : pwm.obj (.text:PWMGenPeriodSet)
                  000024f4    00000010     port.obj (.text:prvTaskExitError)
                  00002504    00000010     tasks.obj (.text:vTaskSuspendAll)
                  00002514    0000000e     rtsv7M4_T_le_v4SPD16_eabi.lib : copy_decompress_none.obj (.text:decompress:none)
                  00002522    0000000c     driverlib.lib : pwm.obj (.text:PWMGenEnable)
                  0000252e    0000000c     rtsv7M4_T_le_v4SPD16_eabi.lib : copy_zero_init.obj (.text:decompress:ZI)
                  0000253a    00000002     freertos_demo.obj (.text:vApplicationStackOverflowHook)
                  0000253c    0000000c     tasks.obj (.text:vTaskMissedYield)
                  00002548    0000000c     tasks.obj (.text:xTaskGetTickCount)
                  00002554    00000008     tasks.obj (.text:prvIdleTask)
                  0000255c    00000006     startup_ccs.obj (.text:ResetISR)
                  00002562    00000006     driverlib.lib : uart.obj (.text:UARTClockSourceSet)
                  00002568    00000006     list.obj (.text:vListInitialiseItem)
                  0000256e    00000004     rtsv7M4_T_le_v4SPD16_eabi.lib : pre_init.obj (.text)

.const     0    00002574    00000118     
                  00002574    00000090     driverlib.lib : gpio.obj (.const:g_pui32GPIOBaseAddrs)
                  00002604    0000006c                   : sysctl.obj (.const:g_pui32Xtals)
                  00002670    0000000c     uartstdio.obj (.const:g_ui32UARTBase)
                  0000267c    0000000c     uartstdio.obj (.const:g_ui32UARTPeriph)
                  00002688    00000004     port.obj (.const)

.cinit     0    00002690    00000048     
                  00002690    00000021     (.cinit..data.load) [load image, compression = lzss]
                  000026b1    00000003     --HOLE-- [fill = 0]
                  000026b4    0000000c     (__TI_handler_table)
                  000026c0    00000008     (.cinit..bss.load) [load image, compression = zero_init]
                  000026c8    00000010     (__TI_cinit_table)

.init_array 
*          0    00000000    00000000     UNINITIALIZED

.bss       0    20000000    00007701     UNINITIALIZED
                  20000000    00007530     heap_2.obj (.bss:ucHeap)
                  20007530    00000140     tasks.obj (.bss:pxReadyTasksLists)
                  20007670    00000014     tasks.obj (.bss:xDelayedTaskList1)
                  20007684    00000014     tasks.obj (.bss:xDelayedTaskList2)
                  20007698    00000014     tasks.obj (.bss:xPendingReadyList)
                  200076ac    00000014     tasks.obj (.bss:xSuspendedTaskList)
                  200076c0    00000014     tasks.obj (.bss:xTasksWaitingTermination)
                  200076d4    0000000c     rgb.obj (.bss:g_ui32Colors)
                  200076e0    00000008     tasks.obj (.bss)
                  200076e8    00000008     heap_2.obj (.bss:xEnd)
                  200076f0    00000008     heap_2.obj (.bss:xStart)
                  200076f8    00000004     (.common:g_pLEDQueue)
                  200076fc    00000004     (.common:g_pUARTSemaphore)
                  20007700    00000001     led_task.obj (.bss)

.stack     0    20007704    00000200     UNINITIALIZED
                  20007704    00000200     --HOLE--

.data      0    20007904    0000006c     UNINITIALIZED
                  20007904    00000030     tasks.obj (.data)
                  20007934    0000000c     rtsv7M4_T_le_v4SPD16_eabi.lib : exit.obj (.data:$O1$$)
                  20007940    0000000c     led_task.obj (.data:g_pui32Colors)
                  2000794c    00000008     rtsv7M4_T_le_v4SPD16_eabi.lib : _lock.obj (.data:$O1$$)
                  20007954    00000008     heap_2.obj (.data)
                  2000795c    00000005     uartstdio.obj (.data)
                  20007961    00000003     buttons.obj (.data)
                  20007964    00000004     port.obj (.data)
                  20007968    00000004     rgb.obj (.data)
                  2000796c    00000004     rtsv7M4_T_le_v4SPD16_eabi.lib : stkdepth_vars.obj (.data)

.sysmem    0    20007970    00000008     UNINITIALIZED
                  20007970    00000008     rtsv7M4_T_le_v4SPD16_eabi.lib : memory.obj (.sysmem)

MODULE SUMMARY

       Module                     code   ro data   rw data
       ------                     ----   -------   -------
    .\
       startup_ccs.obj            12     620       0      
       led_task.obj               496    0         17     
       switch_task.obj            324    0         0      
       pwmGen.obj                 308    0         0      
       freertos_demo.obj          218    0         4      
    +--+--------------------------+------+---------+---------+
       Total:                     1358   620       21     
                                                          
    .\drivers\
       rgb.obj                    720    0         16     
       buttons.obj                244    0         3      
    +--+--------------------------+------+---------+---------+
       Total:                     964    0         19     
                                                          
    .\third_party\FreeRTOS\Source\
       tasks.obj                  2232   0         476    
       queue.obj                  1084   0         0      
       list.obj                   140    0         0      
    +--+--------------------------+------+---------+---------+
       Total:                     3456   0         476    
                                                          
    .\third_party\FreeRTOS\Source\portable\CCS\ARM_CM4F\
       port.obj                   236    4         4      
       portasm.obj                210    0         0      
    +--+--------------------------+------+---------+---------+
       Total:                     446    4         4      
                                                          
    .\third_party\FreeRTOS\Source\portable\MemMang\
       heap_2.obj                 288    0         30024  
    +--+--------------------------+------+---------+---------+
       Total:                     288    0         30024  
                                                          
    .\utils\
       uartstdio.obj              684    24        5      
    +--+--------------------------+------+---------+---------+
       Total:                     684    24        5      
                                                          
    C:/ti/TivaWare_C_Series-2.1.3.156/driverlib/ccs/Debug/driverlib.lib
       gpio.obj                   448    144       0      
       sysctl.obj                 324    108       0      
       pwm.obj                    110    0         0      
       uart.obj                   6      0         0      
    +--+--------------------------+------+---------+---------+
       Total:                     888    252       0      
                                                          
    C:\ti\ccsv7\tools\compiler\ti-cgt-arm_16.9.6.LTS\lib\rtsv7M4_T_le_v4SPD16_eabi.lib
       memcpy_t2.obj              156    0         0      
       memset_t2.obj              122    0         0      
       autoinit.obj               112    0         0      
       copy_decompress_lzss.obj   104    0         0      
       exit.obj                   84     0         12     
       boot.obj                   84     0         0      
       cpy_tbl.obj                76     0         0      
       u_divt2.obj                64     0         0      
       _lock.obj                  20     0         8      
       args_main.obj              24     0         0      
       copy_decompress_none.obj   14     0         0      
       copy_zero_init.obj         12     0         0      
       pre_init.obj               4      0         0      
       stkdepth_vars.obj          0      0         4      
       i_div0.obj                 2      0         0      
       mpu_init.obj               2      0         0      
       startup.obj                2      0         0      
    +--+--------------------------+------+---------+---------+
       Total:                     882    0         24     
                                                          
       Heap:                      0      0         8      
       Stack:                     0      0         512    
       Linker Generated:          0      69        0      
    +--+--------------------------+------+---------+---------+
       Grand Total:               8966   969       31093  


LINKER GENERATED COPY TABLES

__TI_cinit_table @ 000026c8 records: 2, size/record: 8, table size: 16
	.data: load addr=00002690, load size=00000021 bytes, run addr=20007904, run size=0000006c bytes, compression=lzss
	.bss: load addr=000026c0, load size=00000008 bytes, run addr=20000000, run size=00007701 bytes, compression=zero_init


LINKER GENERATED HANDLER TABLE

__TI_handler_table @ 000026b4 records: 3, size/record: 4, table size: 12
	index: 0, handler: __TI_decompress_lzss
	index: 1, handler: __TI_decompress_none
	index: 2, handler: __TI_zero_init


GLOBAL SYMBOLS: SORTED ALPHABETICALLY BY Name 

address   name                           
-------   ----                           
0000190d  ButtonsInit                    
0000142d  ButtonsPoll                    
00001d91  C$$EXIT                        
00001a45  ConfigureUART                  
00002245  GPIODirModeSet                 
00000457  GPIOPadConfigSet               
00001e39  GPIOPinConfigure               
00002459  GPIOPinTypePWM                 
00000e9d  LEDTaskInit                    
00002313  PWMGenConfigure                
00002523  PWMGenEnable                   
000024e5  PWMGenPeriodSet                
000024c1  PWMOutputState                 
00002355  PWMPulseWidthSet               
00001045  PWMinit                        
0000130d  RGBColorSet                    
00001975  RGBDisable                     
00001105  RGBEnable                      
000008cd  RGBInit                        
00002485  RGBIntensitySet                
0000255d  ResetISR                       
UNDEFED   SHT$$INIT_ARRAY$$Base          
UNDEFED   SHT$$INIT_ARRAY$$Limit         
00001f69  SwitchTaskInit                 
000007bd  SysCtlClockGet                 
000021e1  SysCtlPeripheralEnable         
00002563  UARTClockSourceSet             
00001b71  UARTStdioConfig                
000023ad  UARTprintf                     
0000026d  UARTvprintf                    
00001fb1  UARTwrite                      
20007904  __STACK_END                    
00000200  __STACK_SIZE                   
20007904  __STACK_TOP                    
00000008  __SYSMEM_SIZE                  
000026c8  __TI_CINIT_Base                
000026d8  __TI_CINIT_Limit               
000026b4  __TI_Handler_Table_Base        
000026c0  __TI_Handler_Table_Limit       
0000189d  __TI_auto_init                 
20007934  __TI_cleanup_ptr               
000019dd  __TI_decompress_lzss           
00002515  __TI_decompress_none           
20007938  __TI_dtors_ptr                 
2000793c  __TI_enable_exit_profile_output
ffffffff  __TI_pprof_out_hndl            
ffffffff  __TI_prof_data_size            
ffffffff  __TI_prof_data_start           
00000000  __TI_static_base__             
0000252f  __TI_zero_init                 
00001b6f  __aeabi_idiv0                  
0000164d  __aeabi_memclr                 
0000164d  __aeabi_memclr4                
0000164d  __aeabi_memclr8                
00001271  __aeabi_memcpy                 
00001271  __aeabi_memcpy4                
00001271  __aeabi_memcpy8                
0000164f  __aeabi_memset                 
0000164f  __aeabi_memset4                
0000164f  __aeabi_memset8                
0000203d  __aeabi_uidiv                  
0000203d  __aeabi_uidivmod               
ffffffff  __binit__                      
ffffffff  __c_args__                     
0000216f  __mpu_init                     
20007704  __stack                        
000023f9  _args_main                     
00001d3d  _c_int00                       
2000794c  _lock                          
000024a7  _nop                           
0000249f  _register_lock                 
00002499  _register_unlock               
20007970  _sys_memory                    
0000238f  _system_post_cinit             
0000256f  _system_pre_init               
20007950  _unlock                        
00001d95  abort                          
ffffffff  binit                          
00001ed1  copy_in                        
00001d9d  exit                           
200076f8  g_pLEDQueue                    
200076fc  g_pUARTSemaphore               
00000000  g_pfnVectors                   
00001741  main                           
2000796c  main_func_sp                   
00001271  memcpy                         
00001655  memset                         
000011c5  pvPortMalloc                   
000023e1  pvTaskIncrementMutexHeldCount  
20007904  pxCurrentTCB                   
000022c5  pxPortInitialiseStack          
000020bd  setMainPWM                     
00002171  setTailPWM                     
00002688  ulMaxSyscallInterruptPriority  
00000f81  ulPortGetIPSR                  
00002335  uxListRemove                   
0000253b  vApplicationStackOverflowHook  
0000246f  vListInitialise                
00002569  vListInitialiseItem            
000021a9  vListInsert                    
00002411  vListInsertEnd                 
00001035  vPortEnableVFP                 
00002391  vPortEnterCritical             
00002429  vPortExitCritical              
00001ff9  vPortFree                      
00000ff9  vPortSVCHandler                
000024ad  vPortSetupTimerInterrupt       
00001019  vPortStartFirstTask            
00001545  vTaskDelayUntil                
0000253d  vTaskMissedYield               
00001aa9  vTaskPlaceOnEventList          
0000139d  vTaskPriorityInherit           
00002441  vTaskSetTimeOutState           
00001c31  vTaskStartScheduler            
00002505  vTaskSuspendAll                
000014b9  vTaskSwitchContext             
00000f99  xPortPendSVHandler             
0000207d  xPortStartScheduler            
00002271  xPortSysTickHandler            
00001f1d  xQueueCreateMutex              
000020f9  xQueueGenericCreate            
000006a5  xQueueGenericReceive           
000015c9  xQueueGenericReset             
00000cd1  xQueueGenericSend              
00001de5  xTaskCheckForTimeOut           
00000ad5  xTaskGenericCreate             
00002549  xTaskGetTickCount              
000009d1  xTaskIncrementTick             
000016c9  xTaskPriorityDisinherit        
000017b5  xTaskRemoveFromEventList       
00000db9  xTaskResumeAll                 


GLOBAL SYMBOLS: SORTED BY Symbol Address 

address   name                           
-------   ----                           
00000000  __TI_static_base__             
00000000  g_pfnVectors                   
00000008  __SYSMEM_SIZE                  
00000200  __STACK_SIZE                   
0000026d  UARTvprintf                    
00000457  GPIOPadConfigSet               
000006a5  xQueueGenericReceive           
000007bd  SysCtlClockGet                 
000008cd  RGBInit                        
000009d1  xTaskIncrementTick             
00000ad5  xTaskGenericCreate             
00000cd1  xQueueGenericSend              
00000db9  xTaskResumeAll                 
00000e9d  LEDTaskInit                    
00000f81  ulPortGetIPSR                  
00000f99  xPortPendSVHandler             
00000ff9  vPortSVCHandler                
00001019  vPortStartFirstTask            
00001035  vPortEnableVFP                 
00001045  PWMinit                        
00001105  RGBEnable                      
000011c5  pvPortMalloc                   
00001271  __aeabi_memcpy                 
00001271  __aeabi_memcpy4                
00001271  __aeabi_memcpy8                
00001271  memcpy                         
0000130d  RGBColorSet                    
0000139d  vTaskPriorityInherit           
0000142d  ButtonsPoll                    
000014b9  vTaskSwitchContext             
00001545  vTaskDelayUntil                
000015c9  xQueueGenericReset             
0000164d  __aeabi_memclr                 
0000164d  __aeabi_memclr4                
0000164d  __aeabi_memclr8                
0000164f  __aeabi_memset                 
0000164f  __aeabi_memset4                
0000164f  __aeabi_memset8                
00001655  memset                         
000016c9  xTaskPriorityDisinherit        
00001741  main                           
000017b5  xTaskRemoveFromEventList       
0000189d  __TI_auto_init                 
0000190d  ButtonsInit                    
00001975  RGBDisable                     
000019dd  __TI_decompress_lzss           
00001a45  ConfigureUART                  
00001aa9  vTaskPlaceOnEventList          
00001b6f  __aeabi_idiv0                  
00001b71  UARTStdioConfig                
00001c31  vTaskStartScheduler            
00001d3d  _c_int00                       
00001d91  C$$EXIT                        
00001d95  abort                          
00001d9d  exit                           
00001de5  xTaskCheckForTimeOut           
00001e39  GPIOPinConfigure               
00001ed1  copy_in                        
00001f1d  xQueueCreateMutex              
00001f69  SwitchTaskInit                 
00001fb1  UARTwrite                      
00001ff9  vPortFree                      
0000203d  __aeabi_uidiv                  
0000203d  __aeabi_uidivmod               
0000207d  xPortStartScheduler            
000020bd  setMainPWM                     
000020f9  xQueueGenericCreate            
0000216f  __mpu_init                     
00002171  setTailPWM                     
000021a9  vListInsert                    
000021e1  SysCtlPeripheralEnable         
00002245  GPIODirModeSet                 
00002271  xPortSysTickHandler            
000022c5  pxPortInitialiseStack          
00002313  PWMGenConfigure                
00002335  uxListRemove                   
00002355  PWMPulseWidthSet               
0000238f  _system_post_cinit             
00002391  vPortEnterCritical             
000023ad  UARTprintf                     
000023e1  pvTaskIncrementMutexHeldCount  
000023f9  _args_main                     
00002411  vListInsertEnd                 
00002429  vPortExitCritical              
00002441  vTaskSetTimeOutState           
00002459  GPIOPinTypePWM                 
0000246f  vListInitialise                
00002485  RGBIntensitySet                
00002499  _register_unlock               
0000249f  _register_lock                 
000024a7  _nop                           
000024ad  vPortSetupTimerInterrupt       
000024c1  PWMOutputState                 
000024e5  PWMGenPeriodSet                
00002505  vTaskSuspendAll                
00002515  __TI_decompress_none           
00002523  PWMGenEnable                   
0000252f  __TI_zero_init                 
0000253b  vApplicationStackOverflowHook  
0000253d  vTaskMissedYield               
00002549  xTaskGetTickCount              
0000255d  ResetISR                       
00002563  UARTClockSourceSet             
00002569  vListInitialiseItem            
0000256f  _system_pre_init               
00002688  ulMaxSyscallInterruptPriority  
000026b4  __TI_Handler_Table_Base        
000026c0  __TI_Handler_Table_Limit       
000026c8  __TI_CINIT_Base                
000026d8  __TI_CINIT_Limit               
200076f8  g_pLEDQueue                    
200076fc  g_pUARTSemaphore               
20007704  __stack                        
20007904  __STACK_END                    
20007904  __STACK_TOP                    
20007904  pxCurrentTCB                   
20007934  __TI_cleanup_ptr               
20007938  __TI_dtors_ptr                 
2000793c  __TI_enable_exit_profile_output
2000794c  _lock                          
20007950  _unlock                        
2000796c  main_func_sp                   
20007970  _sys_memory                    
ffffffff  __TI_pprof_out_hndl            
ffffffff  __TI_prof_data_size            
ffffffff  __TI_prof_data_start           
ffffffff  __binit__                      
ffffffff  __c_args__                     
ffffffff  binit                          
UNDEFED   SHT$$INIT_ARRAY$$Base          
UNDEFED   SHT$$INIT_ARRAY$$Limit         

[131 symbols]
